---
http_interactions:
- request:
    method: post
    uri: https://ec2.us-west-1.amazonaws.com/
    body:
      encoding: UTF-8
      string: Action=DescribeAvailabilityZones&Version=2016-11-15
    headers:
      Content-Type:
      - application/x-www-form-urlencoded; charset=utf-8
      Accept-Encoding:
      - ''
      User-Agent:
      - aws-sdk-ruby2/2.9.44 ruby/2.3.0 x86_64-linux resources
      X-Amz-Date:
      - 20170926T081422Z
      X-Amz-Content-Sha256:
      - 2bd59c58bf8c2bcc1c39ea3a5a38bb7cd5a643758cbd1b78a746d3a3aa5c1580
      Authorization:
      - AWS4-HMAC-SHA256 Credential=AMAZON_CLIENT_ID/20170926/us-west-1/ec2/aws4_request,
        SignedHeaders=content-type;host;x-amz-content-sha256;x-amz-date, Signature=f1153305ac769ef6fa2748de957f1a85ce85b86144f0ac31f36d4d15f7fce568
      Content-Length:
      - '51'
      Accept:
      - "*/*"
  response:
    status:
      code: 200
      message: OK
    headers:
      Content-Type:
      - text/xml;charset=UTF-8
      Transfer-Encoding:
      - chunked
      Vary:
      - Accept-Encoding
      Date:
      - Tue, 26 Sep 2017 08:14:17 GMT
      Server:
      - AmazonEC2
    body:
      encoding: UTF-8
      string: |-
        <?xml version="1.0" encoding="UTF-8"?>
        <DescribeAvailabilityZonesResponse xmlns="http://ec2.amazonaws.com/doc/2016-11-15/">
            <requestId>de123fd3-def4-456b-b253-66af8472c532</requestId>
            <availabilityZoneInfo>
                <item>
                    <zoneName>us-west-1a</zoneName>
                    <zoneState>available</zoneState>
                    <regionName>us-west-1</regionName>
                    <messageSet/>
                </item>
                <item>
                    <zoneName>us-west-1b</zoneName>
                    <zoneState>available</zoneState>
                    <regionName>us-west-1</regionName>
                    <messageSet/>
                </item>
                <item>
                    <zoneName>us-west-1c</zoneName>
                    <zoneState>available</zoneState>
                    <regionName>us-west-1</regionName>
                    <messageSet/>
                </item>
            </availabilityZoneInfo>
        </DescribeAvailabilityZonesResponse>
    http_version: 
  recorded_at: Tue, 26 Sep 2017 08:14:23 GMT
- request:
    method: post
    uri: https://ec2.us-west-1.amazonaws.com/
    body:
      encoding: UTF-8
      string: Action=DescribeKeyPairs&Version=2016-11-15
    headers:
      Content-Type:
      - application/x-www-form-urlencoded; charset=utf-8
      Accept-Encoding:
      - ''
      User-Agent:
      - aws-sdk-ruby2/2.9.44 ruby/2.3.0 x86_64-linux resources
      X-Amz-Date:
      - 20170926T081423Z
      X-Amz-Content-Sha256:
      - e7326d4766918579e6d040a9c8d2243cefc0ab1aaa37cd7a9dab76d8c3538b59
      Authorization:
      - AWS4-HMAC-SHA256 Credential=AMAZON_CLIENT_ID/20170926/us-west-1/ec2/aws4_request,
        SignedHeaders=content-type;host;x-amz-content-sha256;x-amz-date, Signature=699cbfe0efaa9c6e4e8646f7b00e3c5a85bf1cdedbe290d936bfb8966e132c5b
      Content-Length:
      - '42'
      Accept:
      - "*/*"
  response:
    status:
      code: 200
      message: OK
    headers:
      Content-Type:
      - text/xml;charset=UTF-8
      Transfer-Encoding:
      - chunked
      Vary:
      - Accept-Encoding
      Date:
      - Tue, 26 Sep 2017 08:14:18 GMT
      Server:
      - AmazonEC2
    body:
      encoding: UTF-8
      string: |-
        <?xml version="1.0" encoding="UTF-8"?>
        <DescribeKeyPairsResponse xmlns="http://ec2.amazonaws.com/doc/2016-11-15/">
            <requestId>04f9336a-443d-4e6d-be19-356b96e41507</requestId>
            <keySet>
                <item>
                    <keyName>bronagh-west1</keyName>
                    <keyFingerprint>29:a0:34:e9:01:b1:28:d0:01:ae:e0:73:ca:dd:ea:2f:14:c4:e1:d6</keyFingerprint>
                </item>
                <item>
                    <keyName>EmsRefreshSpec-KeyPair-OtherRegion</keyName>
                    <keyFingerprint>fc:53:30:aa:d2:23:c7:8d:e2:e8:05:95:a0:d2:90:fb:15:30:a2:51</keyFingerprint>
                </item>
                <item>
                    <keyName>jf-west-1</keyName>
                    <keyFingerprint>5f:a8:de:1b:56:ba:3c:12:78:13:79:d6:d0:1d:b9:12:7d:b9:6d:91</keyFingerprint>
                </item>
            </keySet>
        </DescribeKeyPairsResponse>
    http_version: 
  recorded_at: Tue, 26 Sep 2017 08:14:24 GMT
- request:
    method: post
    uri: https://cloudformation.us-west-1.amazonaws.com/
    body:
      encoding: UTF-8
      string: Action=DescribeStacks&Version=2010-05-15
    headers:
      Content-Type:
      - application/x-www-form-urlencoded; charset=utf-8
      Accept-Encoding:
      - ''
      User-Agent:
      - aws-sdk-ruby2/2.9.44 ruby/2.3.0 x86_64-linux resources
      X-Amz-Date:
      - 20170926T081424Z
      X-Amz-Content-Sha256:
      - 1c0d327d16f37b15838ca07a3964664f2dcff8d7051d9f1d87552e7df79be01f
      Authorization:
      - AWS4-HMAC-SHA256 Credential=AMAZON_CLIENT_ID/20170926/us-west-1/cloudformation/aws4_request,
        SignedHeaders=content-type;host;x-amz-content-sha256;x-amz-date, Signature=e39ad556da5a4a2a05d8d97d0884c139e61c2cb6e488ccc7fd65d8a142571816
      Content-Length:
      - '40'
      Accept:
      - "*/*"
  response:
    status:
      code: 200
      message: OK
    headers:
      X-Amzn-Requestid:
      - b280a64b-a292-11e7-9bde-35aa7aace580
      Content-Type:
      - text/xml
      Content-Length:
      - '283'
      Date:
      - Tue, 26 Sep 2017 08:14:19 GMT
    body:
      encoding: UTF-8
      string: |
        <DescribeStacksResponse xmlns="http://cloudformation.amazonaws.com/doc/2010-05-15/">
          <DescribeStacksResult>
            <Stacks/>
          </DescribeStacksResult>
          <ResponseMetadata>
            <RequestId>b280a64b-a292-11e7-9bde-35aa7aace580</RequestId>
          </ResponseMetadata>
        </DescribeStacksResponse>
    http_version: 
  recorded_at: Tue, 26 Sep 2017 08:14:25 GMT
- request:
    method: post
    uri: https://ec2.us-west-1.amazonaws.com/
    body:
      encoding: UTF-8
      string: Action=DescribeImages&Filter.1.Name=image-type&Filter.1.Value.1=machine&Owner.1=self&Version=2016-11-15
    headers:
      Content-Type:
      - application/x-www-form-urlencoded; charset=utf-8
      Accept-Encoding:
      - ''
      User-Agent:
      - aws-sdk-ruby2/2.9.44 ruby/2.3.0 x86_64-linux resources
      X-Amz-Date:
      - 20170926T081425Z
      X-Amz-Content-Sha256:
      - 353f42a6b4f35502116ce0f2e997ba13b57b156b7a2d476afc85d222902f4415
      Authorization:
      - AWS4-HMAC-SHA256 Credential=AMAZON_CLIENT_ID/20170926/us-west-1/ec2/aws4_request,
        SignedHeaders=content-type;host;x-amz-content-sha256;x-amz-date, Signature=525e60151173bd55c9317be1bdca633bda4dd00188faf835173bbedcded90896
      Content-Length:
      - '103'
      Accept:
      - "*/*"
  response:
    status:
      code: 200
      message: OK
    headers:
      Content-Type:
      - text/xml;charset=UTF-8
      Transfer-Encoding:
      - chunked
      Vary:
      - Accept-Encoding
      Date:
      - Tue, 26 Sep 2017 08:14:20 GMT
      Server:
      - AmazonEC2
    body:
      encoding: UTF-8
      string: |-
        <?xml version="1.0" encoding="UTF-8"?>
        <DescribeImagesResponse xmlns="http://ec2.amazonaws.com/doc/2016-11-15/">
            <requestId>c2a35e22-1040-450e-934e-fa06114a2620</requestId>
            <imagesSet>
                <item>
                    <imageId>ami-183e175d</imageId>
                    <imageLocation>200278856672/EmsRefreshSpec-Image-OtherRegion</imageLocation>
                    <imageState>available</imageState>
                    <imageOwnerId>200278856672</imageOwnerId>
                    <creationDate>2013-06-22T02:28:05.000Z</creationDate>
                    <isPublic>false</isPublic>
                    <architecture>x86_64</architecture>
                    <imageType>machine</imageType>
                    <kernelId>aki-36b79b73</kernelId>
                    <name>EmsRefreshSpec-Image-OtherRegion</name>
                    <description>EmsRefreshSpec-Image-OtherRegion</description>
                    <rootDeviceType>ebs</rootDeviceType>
                    <rootDeviceName>/dev/sda1</rootDeviceName>
                    <blockDeviceMapping>
                        <item>
                            <deviceName>/dev/sda1</deviceName>
                            <ebs>
                                <snapshotId>snap-02ef440a</snapshotId>
                                <volumeSize>7</volumeSize>
                                <deleteOnTermination>true</deleteOnTermination>
                                <volumeType>standard</volumeType>
                                <encrypted>false</encrypted>
                            </ebs>
                        </item>
                    </blockDeviceMapping>
                    <virtualizationType>paravirtual</virtualizationType>
                    <hypervisor>xen</hypervisor>
                </item>
            </imagesSet>
        </DescribeImagesResponse>
    http_version: 
  recorded_at: Tue, 26 Sep 2017 08:14:26 GMT
- request:
    method: post
    uri: https://ec2.us-west-1.amazonaws.com/
    body:
      encoding: UTF-8
      string: Action=DescribeImages&ExecutableBy.1=self&Filter.1.Name=image-type&Filter.1.Value.1=machine&Version=2016-11-15
    headers:
      Content-Type:
      - application/x-www-form-urlencoded; charset=utf-8
      Accept-Encoding:
      - ''
      User-Agent:
      - aws-sdk-ruby2/2.9.44 ruby/2.3.0 x86_64-linux resources
      X-Amz-Date:
      - 20170926T081427Z
      X-Amz-Content-Sha256:
      - 13559d63912d4017a9523f9e8bda64c2a6870c83adb807d3bccff29a4065cdfc
      Authorization:
      - AWS4-HMAC-SHA256 Credential=AMAZON_CLIENT_ID/20170926/us-west-1/ec2/aws4_request,
        SignedHeaders=content-type;host;x-amz-content-sha256;x-amz-date, Signature=fb77a6e6ff1645448591238b46a6046f94a123be8f7bb6060568d80345ca4ad8
      Content-Length:
      - '110'
      Accept:
      - "*/*"
  response:
    status:
      code: 200
      message: OK
    headers:
      Content-Type:
      - text/xml;charset=UTF-8
      Transfer-Encoding:
      - chunked
      Vary:
      - Accept-Encoding
      Date:
      - Tue, 26 Sep 2017 08:14:22 GMT
      Server:
      - AmazonEC2
    body:
      encoding: UTF-8
      string: |-
        <?xml version="1.0" encoding="UTF-8"?>
        <DescribeImagesResponse xmlns="http://ec2.amazonaws.com/doc/2016-11-15/">
            <requestId>80c7ff2f-efe8-4dc1-aa58-67a164657318</requestId>
            <imagesSet/>
        </DescribeImagesResponse>
    http_version: 
  recorded_at: Tue, 26 Sep 2017 08:14:29 GMT
- request:
    method: post
    uri: https://ec2.us-west-1.amazonaws.com/
    body:
      encoding: UTF-8
      string: Action=DescribeInstances&Version=2016-11-15
    headers:
      Content-Type:
      - application/x-www-form-urlencoded; charset=utf-8
      Accept-Encoding:
      - ''
      User-Agent:
      - aws-sdk-ruby2/2.9.44 ruby/2.3.0 x86_64-linux resources
      X-Amz-Date:
      - 20170926T081429Z
      X-Amz-Content-Sha256:
      - 6171eb09865e32b0602af0f7957e26573a51f53caaedff02ff88883cb0275885
      Authorization:
      - AWS4-HMAC-SHA256 Credential=AMAZON_CLIENT_ID/20170926/us-west-1/ec2/aws4_request,
        SignedHeaders=content-type;host;x-amz-content-sha256;x-amz-date, Signature=0356ec7dfc7975684892f1e821b45133e46a89a2d9bc91fe748c714e442f823d
      Content-Length:
      - '43'
      Accept:
      - "*/*"
  response:
    status:
      code: 200
      message: OK
    headers:
      Content-Type:
      - text/xml;charset=UTF-8
      Transfer-Encoding:
      - chunked
      Vary:
      - Accept-Encoding
      Date:
      - Tue, 26 Sep 2017 08:14:24 GMT
      Server:
      - AmazonEC2
    body:
      encoding: UTF-8
      string: |-
        <?xml version="1.0" encoding="UTF-8"?>
        <DescribeInstancesResponse xmlns="http://ec2.amazonaws.com/doc/2016-11-15/">
            <requestId>cad16032-7c97-4986-8048-b04c62640f96</requestId>
            <reservationSet>
                <item>
                    <reservationId>r-18afd25e</reservationId>
                    <ownerId>200278856672</ownerId>
                    <groupSet>
                        <item>
                            <groupId>sg-e94055ac</groupId>
                            <groupName>default</groupName>
                        </item>
                    </groupSet>
                    <instancesSet>
                        <item>
                            <instanceId>i-fdd815a4</instanceId>
                            <imageId>ami-3bc9997e</imageId>
                            <instanceState>
                                <code>272</code>
                                <name>running</name>
                            </instanceState>
                            <privateDnsName>ip-10-160-177-126.us-west-1.compute.internal</privateDnsName>
                            <dnsName>ec2-184-169-243-31.us-west-1.compute.amazonaws.com</dnsName>
                            <reason/>
                            <amiLaunchIndex>0</amiLaunchIndex>
                            <productCodes/>
                            <instanceType>m1.small</instanceType>
                            <launchTime>2012-10-01T18:11:04.000Z</launchTime>
                            <placement>
                                <availabilityZone>us-west-1a</availabilityZone>
                                <groupName/>
                                <tenancy>default</tenancy>
                            </placement>
                            <kernelId>aki-99a0f1dc</kernelId>
                            <monitoring>
                                <state>disabled</state>
                            </monitoring>
                            <privateIpAddress>10.160.177.126</privateIpAddress>
                            <ipAddress>184.169.243.31</ipAddress>
                            <groupSet>
                                <item>
                                    <groupId>sg-e94055ac</groupId>
                                    <groupName>default</groupName>
                                </item>
                            </groupSet>
                            <stateReason>
                                <code>Client.UserInitiatedShutdown</code>
                                <message>Client.UserInitiatedShutdown: User initiated shutdown</message>
                            </stateReason>
                            <architecture>i386</architecture>
                            <rootDeviceType>ebs</rootDeviceType>
                            <rootDeviceName>/dev/sda1</rootDeviceName>
                            <blockDeviceMapping>
                                <item>
                                    <deviceName>/dev/sda1</deviceName>
                                    <ebs>
                                        <volumeId>vol-93f7b6bd</volumeId>
                                        <status>attached</status>
                                        <attachTime>2012-10-01T18:11:08.000Z</attachTime>
                                        <deleteOnTermination>true</deleteOnTermination>
                                    </ebs>
                                </item>
                            </blockDeviceMapping>
                            <virtualizationType>paravirtual</virtualizationType>
                            <clientToken>5bfd4308-0bf3-11e2-96b9-a4b197fffe9a</clientToken>
                            <hypervisor>xen</hypervisor>
                            <networkInterfaceSet/>
                            <ebsOptimized>false</ebsOptimized>
                        </item>
                    </instancesSet>
                </item>
                <item>
                    <reservationId>r-9fde5ac4</reservationId>
                    <ownerId>200278856672</ownerId>
                    <groupSet>
                        <item>
                            <groupId>sg-2b87746f</groupId>
                            <groupName>EmsRefreshSpec-SecurityGroup-OtherRegion</groupName>
                        </item>
                    </groupSet>
                    <instancesSet>
                        <item>
                            <instanceId>i-dc1ee486</instanceId>
                            <imageId>ami-183e175d</imageId>
                            <instanceState>
                                <code>16</code>
                                <name>running</name>
                            </instanceState>
                            <privateDnsName>ip-10-191-129-95.us-west-1.compute.internal</privateDnsName>
                            <dnsName>ec2-204-236-137-154.us-west-1.compute.amazonaws.com</dnsName>
                            <reason>Server.InternalError</reason>
                            <keyName>EmsRefreshSpec-KeyPair-OtherRegion</keyName>
                            <amiLaunchIndex>0</amiLaunchIndex>
                            <productCodes/>
                            <instanceType>t1.micro</instanceType>
                            <launchTime>2013-08-31T00:12:43.000Z</launchTime>
                            <placement>
                                <availabilityZone>us-west-1a</availabilityZone>
                                <groupName/>
                                <tenancy>default</tenancy>
                            </placement>
                            <kernelId>aki-36b79b73</kernelId>
                            <monitoring>
                                <state>disabled</state>
                            </monitoring>
                            <privateIpAddress>10.191.129.95</privateIpAddress>
                            <ipAddress>204.236.137.154</ipAddress>
                            <groupSet>
                                <item>
                                    <groupId>sg-2b87746f</groupId>
                                    <groupName>EmsRefreshSpec-SecurityGroup-OtherRegion</groupName>
                                </item>
                            </groupSet>
                            <stateReason>
                                <code>Client.UserInitiatedShutdown</code>
                                <message>Client.UserInitiatedShutdown: User initiated shutdown</message>
                            </stateReason>
                            <architecture>x86_64</architecture>
                            <rootDeviceType>ebs</rootDeviceType>
                            <rootDeviceName>/dev/sda1</rootDeviceName>
                            <blockDeviceMapping>
                                <item>
                                    <deviceName>/dev/sda1</deviceName>
                                    <ebs>
                                        <volumeId>vol-e2d90ab6</volumeId>
                                        <status>attached</status>
                                        <attachTime>2013-08-31T00:12:46.000Z</attachTime>
                                        <deleteOnTermination>true</deleteOnTermination>
                                    </ebs>
                                </item>
                            </blockDeviceMapping>
                            <virtualizationType>paravirtual</virtualizationType>
                            <clientToken>TYBNt1377907963036</clientToken>
                            <tagSet>
                                <item>
                                    <key>Name</key>
                                    <value>EmsRefreshSpec-PoweredOn-OtherRegion</value>
                                </item>
                            </tagSet>
                            <hypervisor>xen</hypervisor>
                            <networkInterfaceSet/>
                            <ebsOptimized>false</ebsOptimized>
                        </item>
                    </instancesSet>
                </item>
                <item>
                    <reservationId>r-05c2745096d06e08a</reservationId>
                    <ownerId>200278856672</ownerId>
                    <groupSet/>
                    <instancesSet>
                        <item>
                            <instanceId>i-0536cdd458e6648a1</instanceId>
                            <imageId>ami-2cade64c</imageId>
                            <instanceState>
                                <code>16</code>
                                <name>running</name>
                            </instanceState>
                            <privateDnsName>ip-172-30-2-38.us-west-1.compute.internal</privateDnsName>
                            <dnsName/>
                            <reason/>
                            <keyName>bronagh-west1</keyName>
                            <amiLaunchIndex>0</amiLaunchIndex>
                            <productCodes/>
                            <instanceType>t2.micro</instanceType>
                            <launchTime>2017-02-10T18:28:52.000Z</launchTime>
                            <placement>
                                <availabilityZone>us-west-1a</availabilityZone>
                                <groupName/>
                                <tenancy>default</tenancy>
                            </placement>
                            <monitoring>
                                <state>enabled</state>
                            </monitoring>
                            <subnetId>subnet-57167333</subnetId>
                            <vpcId>vpc-8a5a91ee</vpcId>
                            <privateIpAddress>172.30.2.38</privateIpAddress>
                            <ipAddress>54.215.233.17</ipAddress>
                            <sourceDestCheck>true</sourceDestCheck>
                            <groupSet>
                                <item>
                                    <groupId>sg-84be0fe3</groupId>
                                    <groupName>launch-wizard-1</groupName>
                                </item>
                            </groupSet>
                            <stateReason>
                                <code/>
                                <message/>
                            </stateReason>
                            <architecture>x86_64</architecture>
                            <rootDeviceType>ebs</rootDeviceType>
                            <rootDeviceName>/dev/sda1</rootDeviceName>
                            <blockDeviceMapping>
                                <item>
                                    <deviceName>/dev/sda1</deviceName>
                                    <ebs>
                                        <volumeId>vol-09b39716a001ccde5</volumeId>
                                        <status>attached</status>
                                        <attachTime>2017-02-09T18:05:42.000Z</attachTime>
                                        <deleteOnTermination>true</deleteOnTermination>
                                    </ebs>
                                </item>
                            </blockDeviceMapping>
                            <virtualizationType>hvm</virtualizationType>
                            <clientToken>VvBGm1486663541158</clientToken>
                            <tagSet>
                                <item>
                                    <key>anotheradmintag</key>
                                    <value>visible</value>
                                </item>
                                <item>
                                    <key>Name</key>
                                    <value>Bronagh-west1-california</value>
                                </item>
                                <item>
                                    <key>Owner</key>
                                    <value>Bronagh Sorota</value>
                                </item>
                                <item>
                                    <key>Admintag</key>
                                    <value>test</value>
                                </item>
                            </tagSet>
                            <hypervisor>xen</hypervisor>
                            <networkInterfaceSet>
                                <item>
                                    <networkInterfaceId>eni-ca94d9e0</networkInterfaceId>
                                    <subnetId>subnet-57167333</subnetId>
                                    <vpcId>vpc-8a5a91ee</vpcId>
                                    <description>Primary network interface</description>
                                    <ownerId>200278856672</ownerId>
                                    <status>in-use</status>
                                    <macAddress>02:ae:92:86:f5:e2</macAddress>
                                    <privateIpAddress>172.30.2.38</privateIpAddress>
                                    <sourceDestCheck>true</sourceDestCheck>
                                    <groupSet>
                                        <item>
                                            <groupId>sg-84be0fe3</groupId>
                                            <groupName>launch-wizard-1</groupName>
                                        </item>
                                    </groupSet>
                                    <attachment>
                                        <attachmentId>eni-attach-f192739f</attachmentId>
                                        <deviceIndex>0</deviceIndex>
                                        <status>attached</status>
                                        <attachTime>2017-02-09T18:05:41.000Z</attachTime>
                                        <deleteOnTermination>true</deleteOnTermination>
                                    </attachment>
                                    <association>
                                        <publicIp>54.215.233.17</publicIp>
                                        <publicDnsName/>
                                        <ipOwnerId>amazon</ipOwnerId>
                                    </association>
                                    <privateIpAddressesSet>
                                        <item>
                                            <privateIpAddress>172.30.2.38</privateIpAddress>
                                            <primary>true</primary>
                                            <association>
                                            <publicIp>54.215.233.17</publicIp>
                                            <publicDnsName/>
                                            <ipOwnerId>amazon</ipOwnerId>
                                            </association>
                                        </item>
                                    </privateIpAddressesSet>
                                    <ipv6AddressesSet/>
                                </item>
                            </networkInterfaceSet>
                            <ebsOptimized>false</ebsOptimized>
                        </item>
                    </instancesSet>
                </item>
            </reservationSet>
        </DescribeInstancesResponse>
    http_version: 
  recorded_at: Tue, 26 Sep 2017 08:14:31 GMT
- request:
    method: post
    uri: https://ec2.us-west-1.amazonaws.com/
    body:
      encoding: UTF-8
      string: Action=DescribeVpcs&Version=2016-11-15
    headers:
      Content-Type:
      - application/x-www-form-urlencoded; charset=utf-8
      Accept-Encoding:
      - ''
      User-Agent:
      - aws-sdk-ruby2/2.9.44 ruby/2.3.0 x86_64-linux resources
      X-Amz-Date:
      - 20170926T081434Z
      X-Amz-Content-Sha256:
      - d821ac2c2958664a08eb0f0b183ebf80201e8a50da5d9e98eca9bc36ef648656
      Authorization:
      - AWS4-HMAC-SHA256 Credential=AMAZON_CLIENT_ID/20170926/us-west-1/ec2/aws4_request,
        SignedHeaders=content-type;host;x-amz-content-sha256;x-amz-date, Signature=5b270d2f24d31062a6ad9c46ec27bbf09bf2859bcc1139ae8bccfd9f048854a8
      Content-Length:
      - '38'
      Accept:
      - "*/*"
  response:
    status:
      code: 200
      message: OK
    headers:
      Content-Type:
      - text/xml;charset=UTF-8
      Transfer-Encoding:
      - chunked
      Vary:
      - Accept-Encoding
      Date:
      - Tue, 26 Sep 2017 08:14:29 GMT
      Server:
      - AmazonEC2
    body:
      encoding: UTF-8
      string: |-
        <?xml version="1.0" encoding="UTF-8"?>
        <DescribeVpcsResponse xmlns="http://ec2.amazonaws.com/doc/2016-11-15/">
            <requestId>fa1d59ea-642a-4036-af2d-51d9c34ed023</requestId>
            <vpcSet>
                <item>
                    <vpcId>vpc-8a5a91ee</vpcId>
                    <state>available</state>
                    <cidrBlock>172.30.0.0/16</cidrBlock>
                    <cidrBlockAssociationSet>
                        <item>
                            <cidrBlock>172.30.0.0/16</cidrBlock>
                            <associationId>vpc-cidr-assoc-67f82f0e</associationId>
                            <cidrBlockState>
                                <state>associated</state>
                            </cidrBlockState>
                        </item>
                    </cidrBlockAssociationSet>
                    <dhcpOptionsId>dopt-d0617fb5</dhcpOptionsId>
                    <instanceTenancy>default</instanceTenancy>
                    <isDefault>false</isDefault>
                </item>
            </vpcSet>
        </DescribeVpcsResponse>
    http_version: 
  recorded_at: Tue, 26 Sep 2017 08:14:35 GMT
- request:
    method: post
    uri: https://ec2.us-west-1.amazonaws.com/
    body:
      encoding: UTF-8
      string: Action=DescribeSubnets&Version=2016-11-15
    headers:
      Content-Type:
      - application/x-www-form-urlencoded; charset=utf-8
      Accept-Encoding:
      - ''
      User-Agent:
      - aws-sdk-ruby2/2.9.44 ruby/2.3.0 x86_64-linux resources
      X-Amz-Date:
      - 20170926T081435Z
      X-Amz-Content-Sha256:
      - 4458b81adb7ad686766b11e1bb41ad4b186e7cfb44c26a0b7ade703866d0fca0
      Authorization:
      - AWS4-HMAC-SHA256 Credential=AMAZON_CLIENT_ID/20170926/us-west-1/ec2/aws4_request,
        SignedHeaders=content-type;host;x-amz-content-sha256;x-amz-date, Signature=0aee40b9ce2c9ba7f028b37d93ba6c85868caeef0ce20312dc521173c7fb54ed
      Content-Length:
      - '41'
      Accept:
      - "*/*"
  response:
    status:
      code: 200
      message: OK
    headers:
      Content-Type:
      - text/xml;charset=UTF-8
      Transfer-Encoding:
      - chunked
      Vary:
      - Accept-Encoding
      Date:
      - Tue, 26 Sep 2017 08:14:30 GMT
      Server:
      - AmazonEC2
    body:
      encoding: UTF-8
      string: |-
        <?xml version="1.0" encoding="UTF-8"?>
        <DescribeSubnetsResponse xmlns="http://ec2.amazonaws.com/doc/2016-11-15/">
            <requestId>7de53fe2-9667-49e7-b1a5-39326edcbf7e</requestId>
            <subnetSet>
                <item>
                    <subnetId>subnet-ea63c9b2</subnetId>
                    <state>available</state>
                    <vpcId>vpc-8a5a91ee</vpcId>
                    <cidrBlock>172.30.0.0/24</cidrBlock>
                    <ipv6CidrBlockAssociationSet/>
                    <availableIpAddressCount>251</availableIpAddressCount>
                    <availabilityZone>us-west-1c</availabilityZone>
                    <defaultForAz>false</defaultForAz>
                    <mapPublicIpOnLaunch>true</mapPublicIpOnLaunch>
                    <assignIpv6AddressOnCreation>false</assignIpv6AddressOnCreation>
                </item>
                <item>
                    <subnetId>subnet-57167333</subnetId>
                    <state>available</state>
                    <vpcId>vpc-8a5a91ee</vpcId>
                    <cidrBlock>172.30.2.0/24</cidrBlock>
                    <ipv6CidrBlockAssociationSet/>
                    <availableIpAddressCount>250</availableIpAddressCount>
                    <availabilityZone>us-west-1a</availabilityZone>
                    <defaultForAz>false</defaultForAz>
                    <mapPublicIpOnLaunch>true</mapPublicIpOnLaunch>
                    <assignIpv6AddressOnCreation>false</assignIpv6AddressOnCreation>
                </item>
            </subnetSet>
        </DescribeSubnetsResponse>
    http_version: 
  recorded_at: Tue, 26 Sep 2017 08:14:37 GMT
- request:
    method: post
    uri: https://ec2.us-west-1.amazonaws.com/
    body:
      encoding: UTF-8
      string: Action=DescribeSecurityGroups&Version=2016-11-15
    headers:
      Content-Type:
      - application/x-www-form-urlencoded; charset=utf-8
      Accept-Encoding:
      - ''
      User-Agent:
      - aws-sdk-ruby2/2.9.44 ruby/2.3.0 x86_64-linux resources
      X-Amz-Date:
      - 20170926T081437Z
      X-Amz-Content-Sha256:
      - 398587829763af2624ad0faa257a51949217b85bb2957c3948946c38ab0fddac
      Authorization:
      - AWS4-HMAC-SHA256 Credential=AMAZON_CLIENT_ID/20170926/us-west-1/ec2/aws4_request,
        SignedHeaders=content-type;host;x-amz-content-sha256;x-amz-date, Signature=a37c2a7da1267caf2f91d36fe448e02e9747febeb02bd3109d185a7757bb3bad
      Content-Length:
      - '48'
      Accept:
      - "*/*"
  response:
    status:
      code: 200
      message: OK
    headers:
      Content-Type:
      - text/xml;charset=UTF-8
      Transfer-Encoding:
      - chunked
      Vary:
      - Accept-Encoding
      Date:
      - Tue, 26 Sep 2017 08:14:32 GMT
      Server:
      - AmazonEC2
    body:
      encoding: UTF-8
      string: |-
        <?xml version="1.0" encoding="UTF-8"?>
        <DescribeSecurityGroupsResponse xmlns="http://ec2.amazonaws.com/doc/2016-11-15/">
            <requestId>1a856c68-8d97-49fa-af6f-cb6fa2a60822</requestId>
            <securityGroupInfo>
                <item>
                    <ownerId>200278856672</ownerId>
                    <groupId>sg-e94055ac</groupId>
                    <groupName>default</groupName>
                    <groupDescription>default group</groupDescription>
                    <ipPermissions>
                        <item>
                            <ipProtocol>tcp</ipProtocol>
                            <fromPort>0</fromPort>
                            <toPort>65535</toPort>
                            <groups>
                                <item>
                                    <userId>200278856672</userId>
                                    <groupId>sg-e94055ac</groupId>
                                    <groupName>default</groupName>
                                </item>
                            </groups>
                            <ipRanges/>
                            <ipv6Ranges/>
                            <prefixListIds/>
                        </item>
                        <item>
                            <ipProtocol>udp</ipProtocol>
                            <fromPort>0</fromPort>
                            <toPort>65535</toPort>
                            <groups>
                                <item>
                                    <userId>200278856672</userId>
                                    <groupId>sg-e94055ac</groupId>
                                    <groupName>default</groupName>
                                </item>
                            </groups>
                            <ipRanges/>
                            <ipv6Ranges/>
                            <prefixListIds/>
                        </item>
                        <item>
                            <ipProtocol>icmp</ipProtocol>
                            <fromPort>-1</fromPort>
                            <toPort>-1</toPort>
                            <groups>
                                <item>
                                    <userId>200278856672</userId>
                                    <groupId>sg-e94055ac</groupId>
                                    <groupName>default</groupName>
                                </item>
                            </groups>
                            <ipRanges/>
                            <ipv6Ranges/>
                            <prefixListIds/>
                        </item>
                    </ipPermissions>
                    <ipPermissionsEgress/>
                </item>
                <item>
                    <ownerId>200278856672</ownerId>
                    <groupId>sg-2b87746f</groupId>
                    <groupName>EmsRefreshSpec-SecurityGroup-OtherRegion</groupName>
                    <groupDescription>EmsRefreshSpec-SecurityGroup-OtherRegion</groupDescription>
                    <ipPermissions>
                        <item>
                            <ipProtocol>tcp</ipProtocol>
                            <fromPort>0</fromPort>
                            <toPort>65535</toPort>
                            <groups/>
                            <ipRanges>
                                <item>
                                    <cidrIp>0.0.0.0/0</cidrIp>
                                </item>
                            </ipRanges>
                            <ipv6Ranges/>
                            <prefixListIds/>
                        </item>
                    </ipPermissions>
                    <ipPermissionsEgress/>
                </item>
                <item>
                    <ownerId>200278856672</ownerId>
                    <groupId>sg-84be0fe3</groupId>
                    <groupName>launch-wizard-1</groupName>
                    <groupDescription>launch-wizard-1 created 2017-02-09T13:04:54.419-05:00</groupDescription>
                    <vpcId>vpc-8a5a91ee</vpcId>
                    <ipPermissions>
                        <item>
                            <ipProtocol>tcp</ipProtocol>
                            <fromPort>22</fromPort>
                            <toPort>22</toPort>
                            <groups/>
                            <ipRanges>
                                <item>
                                    <cidrIp>0.0.0.0/0</cidrIp>
                                </item>
                            </ipRanges>
                            <ipv6Ranges/>
                            <prefixListIds/>
                        </item>
                    </ipPermissions>
                    <ipPermissionsEgress>
                        <item>
                            <ipProtocol>-1</ipProtocol>
                            <groups/>
                            <ipRanges>
                                <item>
                                    <cidrIp>0.0.0.0/0</cidrIp>
                                </item>
                            </ipRanges>
                            <ipv6Ranges/>
                            <prefixListIds/>
                        </item>
                    </ipPermissionsEgress>
                </item>
                <item>
                    <ownerId>200278856672</ownerId>
                    <groupId>sg-c2be0fa5</groupId>
                    <groupName>default</groupName>
                    <groupDescription>default VPC security group</groupDescription>
                    <vpcId>vpc-8a5a91ee</vpcId>
                    <ipPermissions>
                        <item>
                            <ipProtocol>-1</ipProtocol>
                            <groups>
                                <item>
                                    <userId>200278856672</userId>
                                    <groupId>sg-c2be0fa5</groupId>
                                </item>
                            </groups>
                            <ipRanges/>
                            <ipv6Ranges/>
                            <prefixListIds/>
                        </item>
                    </ipPermissions>
                    <ipPermissionsEgress>
                        <item>
                            <ipProtocol>-1</ipProtocol>
                            <groups/>
                            <ipRanges>
                                <item>
                                    <cidrIp>0.0.0.0/0</cidrIp>
                                </item>
                            </ipRanges>
                            <ipv6Ranges/>
                            <prefixListIds/>
                        </item>
                    </ipPermissionsEgress>
                </item>
            </securityGroupInfo>
        </DescribeSecurityGroupsResponse>
    http_version: 
  recorded_at: Tue, 26 Sep 2017 08:14:38 GMT
- request:
    method: post
    uri: https://ec2.us-west-1.amazonaws.com/
    body:
      encoding: UTF-8
      string: Action=DescribeSecurityGroups&Version=2016-11-15
    headers:
      Content-Type:
      - application/x-www-form-urlencoded; charset=utf-8
      Accept-Encoding:
      - ''
      User-Agent:
      - aws-sdk-ruby2/2.9.44 ruby/2.3.0 x86_64-linux resources
      X-Amz-Date:
      - 20170926T081438Z
      X-Amz-Content-Sha256:
      - 398587829763af2624ad0faa257a51949217b85bb2957c3948946c38ab0fddac
      Authorization:
      - AWS4-HMAC-SHA256 Credential=AMAZON_CLIENT_ID/20170926/us-west-1/ec2/aws4_request,
        SignedHeaders=content-type;host;x-amz-content-sha256;x-amz-date, Signature=3f4171edc308bfeb129bcf4eeff79b525b0da13b26a86d373464350bc8454530
      Content-Length:
      - '48'
      Accept:
      - "*/*"
  response:
    status:
      code: 200
      message: OK
    headers:
      Content-Type:
      - text/xml;charset=UTF-8
      Transfer-Encoding:
      - chunked
      Vary:
      - Accept-Encoding
      Date:
      - Tue, 26 Sep 2017 08:14:33 GMT
      Server:
      - AmazonEC2
    body:
      encoding: UTF-8
      string: |-
        <?xml version="1.0" encoding="UTF-8"?>
        <DescribeSecurityGroupsResponse xmlns="http://ec2.amazonaws.com/doc/2016-11-15/">
            <requestId>ebd13763-83cc-4c4e-ba23-2cef71bdea07</requestId>
            <securityGroupInfo>
                <item>
                    <ownerId>200278856672</ownerId>
                    <groupId>sg-e94055ac</groupId>
                    <groupName>default</groupName>
                    <groupDescription>default group</groupDescription>
                    <ipPermissions>
                        <item>
                            <ipProtocol>tcp</ipProtocol>
                            <fromPort>0</fromPort>
                            <toPort>65535</toPort>
                            <groups>
                                <item>
                                    <userId>200278856672</userId>
                                    <groupId>sg-e94055ac</groupId>
                                    <groupName>default</groupName>
                                </item>
                            </groups>
                            <ipRanges/>
                            <ipv6Ranges/>
                            <prefixListIds/>
                        </item>
                        <item>
                            <ipProtocol>udp</ipProtocol>
                            <fromPort>0</fromPort>
                            <toPort>65535</toPort>
                            <groups>
                                <item>
                                    <userId>200278856672</userId>
                                    <groupId>sg-e94055ac</groupId>
                                    <groupName>default</groupName>
                                </item>
                            </groups>
                            <ipRanges/>
                            <ipv6Ranges/>
                            <prefixListIds/>
                        </item>
                        <item>
                            <ipProtocol>icmp</ipProtocol>
                            <fromPort>-1</fromPort>
                            <toPort>-1</toPort>
                            <groups>
                                <item>
                                    <userId>200278856672</userId>
                                    <groupId>sg-e94055ac</groupId>
                                    <groupName>default</groupName>
                                </item>
                            </groups>
                            <ipRanges/>
                            <ipv6Ranges/>
                            <prefixListIds/>
                        </item>
                    </ipPermissions>
                    <ipPermissionsEgress/>
                </item>
                <item>
                    <ownerId>200278856672</ownerId>
                    <groupId>sg-2b87746f</groupId>
                    <groupName>EmsRefreshSpec-SecurityGroup-OtherRegion</groupName>
                    <groupDescription>EmsRefreshSpec-SecurityGroup-OtherRegion</groupDescription>
                    <ipPermissions>
                        <item>
                            <ipProtocol>tcp</ipProtocol>
                            <fromPort>0</fromPort>
                            <toPort>65535</toPort>
                            <groups/>
                            <ipRanges>
                                <item>
                                    <cidrIp>0.0.0.0/0</cidrIp>
                                </item>
                            </ipRanges>
                            <ipv6Ranges/>
                            <prefixListIds/>
                        </item>
                    </ipPermissions>
                    <ipPermissionsEgress/>
                </item>
                <item>
                    <ownerId>200278856672</ownerId>
                    <groupId>sg-84be0fe3</groupId>
                    <groupName>launch-wizard-1</groupName>
                    <groupDescription>launch-wizard-1 created 2017-02-09T13:04:54.419-05:00</groupDescription>
                    <vpcId>vpc-8a5a91ee</vpcId>
                    <ipPermissions>
                        <item>
                            <ipProtocol>tcp</ipProtocol>
                            <fromPort>22</fromPort>
                            <toPort>22</toPort>
                            <groups/>
                            <ipRanges>
                                <item>
                                    <cidrIp>0.0.0.0/0</cidrIp>
                                </item>
                            </ipRanges>
                            <ipv6Ranges/>
                            <prefixListIds/>
                        </item>
                    </ipPermissions>
                    <ipPermissionsEgress>
                        <item>
                            <ipProtocol>-1</ipProtocol>
                            <groups/>
                            <ipRanges>
                                <item>
                                    <cidrIp>0.0.0.0/0</cidrIp>
                                </item>
                            </ipRanges>
                            <ipv6Ranges/>
                            <prefixListIds/>
                        </item>
                    </ipPermissionsEgress>
                </item>
                <item>
                    <ownerId>200278856672</ownerId>
                    <groupId>sg-c2be0fa5</groupId>
                    <groupName>default</groupName>
                    <groupDescription>default VPC security group</groupDescription>
                    <vpcId>vpc-8a5a91ee</vpcId>
                    <ipPermissions>
                        <item>
                            <ipProtocol>-1</ipProtocol>
                            <groups>
                                <item>
                                    <userId>200278856672</userId>
                                    <groupId>sg-c2be0fa5</groupId>
                                </item>
                            </groups>
                            <ipRanges/>
                            <ipv6Ranges/>
                            <prefixListIds/>
                        </item>
                    </ipPermissions>
                    <ipPermissionsEgress>
                        <item>
                            <ipProtocol>-1</ipProtocol>
                            <groups/>
                            <ipRanges>
                                <item>
                                    <cidrIp>0.0.0.0/0</cidrIp>
                                </item>
                            </ipRanges>
                            <ipv6Ranges/>
                            <prefixListIds/>
                        </item>
                    </ipPermissionsEgress>
                </item>
            </securityGroupInfo>
        </DescribeSecurityGroupsResponse>
    http_version: 
  recorded_at: Tue, 26 Sep 2017 08:14:40 GMT
- request:
    method: post
    uri: https://ec2.us-west-1.amazonaws.com/
    body:
      encoding: UTF-8
      string: Action=DescribeNetworkInterfaces&Version=2016-11-15
    headers:
      Content-Type:
      - application/x-www-form-urlencoded; charset=utf-8
      Accept-Encoding:
      - ''
      User-Agent:
      - aws-sdk-ruby2/2.9.44 ruby/2.3.0 x86_64-linux resources
      X-Amz-Date:
      - 20170926T081440Z
      X-Amz-Content-Sha256:
      - 19ba5dc918b1e927d0c1a179e1bed2a393fa8987b6fbc66e756823d414115566
      Authorization:
      - AWS4-HMAC-SHA256 Credential=AMAZON_CLIENT_ID/20170926/us-west-1/ec2/aws4_request,
        SignedHeaders=content-type;host;x-amz-content-sha256;x-amz-date, Signature=a8416373790798efb9dc0bef695908d0171aa03c00ee9d265bc8723d755e8cf9
      Content-Length:
      - '51'
      Accept:
      - "*/*"
  response:
    status:
      code: 200
      message: OK
    headers:
      Content-Type:
      - text/xml;charset=UTF-8
      Transfer-Encoding:
      - chunked
      Vary:
      - Accept-Encoding
      Date:
      - Tue, 26 Sep 2017 08:14:35 GMT
      Server:
      - AmazonEC2
    body:
      encoding: UTF-8
      string: |-
        <?xml version="1.0" encoding="UTF-8"?>
        <DescribeNetworkInterfacesResponse xmlns="http://ec2.amazonaws.com/doc/2016-11-15/">
            <requestId>d76999b4-afae-492f-9c80-8d938d27cacb</requestId>
            <networkInterfaceSet>
                <item>
                    <networkInterfaceId>eni-ca94d9e0</networkInterfaceId>
                    <subnetId>subnet-57167333</subnetId>
                    <vpcId>vpc-8a5a91ee</vpcId>
                    <availabilityZone>us-west-1a</availabilityZone>
                    <description>Primary network interface</description>
                    <ownerId>200278856672</ownerId>
                    <requesterManaged>false</requesterManaged>
                    <status>in-use</status>
                    <macAddress>02:ae:92:86:f5:e2</macAddress>
                    <privateIpAddress>172.30.2.38</privateIpAddress>
                    <sourceDestCheck>true</sourceDestCheck>
                    <groupSet>
                        <item>
                            <groupId>sg-84be0fe3</groupId>
                            <groupName>launch-wizard-1</groupName>
                        </item>
                    </groupSet>
                    <attachment>
                        <attachmentId>eni-attach-f192739f</attachmentId>
                        <instanceId>i-0536cdd458e6648a1</instanceId>
                        <instanceOwnerId>200278856672</instanceOwnerId>
                        <deviceIndex>0</deviceIndex>
                        <status>attached</status>
                        <attachTime>2017-02-09T18:05:41.000Z</attachTime>
                        <deleteOnTermination>true</deleteOnTermination>
                    </attachment>
                    <association>
                        <publicIp>54.215.233.17</publicIp>
                        <publicDnsName/>
                        <ipOwnerId>amazon</ipOwnerId>
                        <natEnabled>true</natEnabled>
                    </association>
                    <tagSet/>
                    <privateIpAddressesSet>
                        <item>
                            <privateIpAddress>172.30.2.38</privateIpAddress>
                            <primary>true</primary>
                            <association>
                                <publicIp>54.215.233.17</publicIp>
                                <publicDnsName/>
                                <ipOwnerId>amazon</ipOwnerId>
                                <natEnabled>true</natEnabled>
                            </association>
                        </item>
                    </privateIpAddressesSet>
                    <ipv6AddressesSet/>
                    <interfaceType>interface</interfaceType>
                </item>
            </networkInterfaceSet>
        </DescribeNetworkInterfacesResponse>
    http_version: 
  recorded_at: Tue, 26 Sep 2017 08:14:41 GMT
- request:
    method: post
    uri: https://elasticloadbalancing.us-west-1.amazonaws.com/
    body:
      encoding: UTF-8
      string: Action=DescribeLoadBalancers&Version=2012-06-01
    headers:
      Content-Type:
      - application/x-www-form-urlencoded; charset=utf-8
      Accept-Encoding:
      - ''
      User-Agent:
      - aws-sdk-ruby2/2.9.44 ruby/2.3.0 x86_64-linux resources
      X-Amz-Date:
      - 20170926T081441Z
      X-Amz-Content-Sha256:
      - 236069f72bf74f0c7ddff0a34b0defa8a21d1d6a897e588764e1b2ff6319f94a
      Authorization:
      - AWS4-HMAC-SHA256 Credential=AMAZON_CLIENT_ID/20170926/us-west-1/elasticloadbalancing/aws4_request,
        SignedHeaders=content-type;host;x-amz-content-sha256;x-amz-date, Signature=fbde2b79b93058c592f38bc4f9104917d9469c7c3f6191d9261f7cd7e568bcf5
      Content-Length:
      - '47'
      Accept:
      - "*/*"
  response:
    status:
      code: 200
      message: OK
    headers:
      X-Amzn-Requestid:
      - bca6759c-a292-11e7-8f7c-df81d9b5c958
      Content-Type:
      - text/xml
      Content-Length:
      - '335'
      Date:
      - Tue, 26 Sep 2017 08:14:36 GMT
    body:
      encoding: UTF-8
      string: |
        <DescribeLoadBalancersResponse xmlns="http://elasticloadbalancing.amazonaws.com/doc/2012-06-01/">
          <DescribeLoadBalancersResult>
            <LoadBalancerDescriptions/>
          </DescribeLoadBalancersResult>
          <ResponseMetadata>
            <RequestId>bca6759c-a292-11e7-8f7c-df81d9b5c958</RequestId>
          </ResponseMetadata>
        </DescribeLoadBalancersResponse>
    http_version: 
  recorded_at: Tue, 26 Sep 2017 08:14:42 GMT
- request:
    method: post
    uri: https://ec2.us-west-1.amazonaws.com/
    body:
      encoding: UTF-8
      string: Action=DescribeInstances&Version=2016-11-15
    headers:
      Content-Type:
      - application/x-www-form-urlencoded; charset=utf-8
      Accept-Encoding:
      - ''
      User-Agent:
      - aws-sdk-ruby2/2.9.44 ruby/2.3.0 x86_64-linux resources
      X-Amz-Date:
      - 20170926T081442Z
      X-Amz-Content-Sha256:
      - 6171eb09865e32b0602af0f7957e26573a51f53caaedff02ff88883cb0275885
      Authorization:
      - AWS4-HMAC-SHA256 Credential=AMAZON_CLIENT_ID/20170926/us-west-1/ec2/aws4_request,
        SignedHeaders=content-type;host;x-amz-content-sha256;x-amz-date, Signature=7181ed401b63f1aafd4ec08b1737d885ba0d3b2df70aabc9f8457669f4d392b8
      Content-Length:
      - '43'
      Accept:
      - "*/*"
  response:
    status:
      code: 200
      message: OK
    headers:
      Content-Type:
      - text/xml;charset=UTF-8
      Transfer-Encoding:
      - chunked
      Vary:
      - Accept-Encoding
      Date:
      - Tue, 26 Sep 2017 08:14:38 GMT
      Server:
      - AmazonEC2
    body:
      encoding: UTF-8
      string: |-
        <?xml version="1.0" encoding="UTF-8"?>
        <DescribeInstancesResponse xmlns="http://ec2.amazonaws.com/doc/2016-11-15/">
            <requestId>d986f648-e33f-4b42-b070-fe86bb44a720</requestId>
            <reservationSet>
                <item>
                    <reservationId>r-18afd25e</reservationId>
                    <ownerId>200278856672</ownerId>
                    <groupSet>
                        <item>
                            <groupId>sg-e94055ac</groupId>
                            <groupName>default</groupName>
                        </item>
                    </groupSet>
                    <instancesSet>
                        <item>
                            <instanceId>i-fdd815a4</instanceId>
                            <imageId>ami-3bc9997e</imageId>
                            <instanceState>
                                <code>272</code>
                                <name>running</name>
                            </instanceState>
                            <privateDnsName>ip-10-160-177-126.us-west-1.compute.internal</privateDnsName>
                            <dnsName>ec2-184-169-243-31.us-west-1.compute.amazonaws.com</dnsName>
                            <reason/>
                            <amiLaunchIndex>0</amiLaunchIndex>
                            <productCodes/>
                            <instanceType>m1.small</instanceType>
                            <launchTime>2012-10-01T18:11:04.000Z</launchTime>
                            <placement>
                                <availabilityZone>us-west-1a</availabilityZone>
                                <groupName/>
                                <tenancy>default</tenancy>
                            </placement>
                            <kernelId>aki-99a0f1dc</kernelId>
                            <monitoring>
                                <state>disabled</state>
                            </monitoring>
                            <privateIpAddress>10.160.177.126</privateIpAddress>
                            <ipAddress>184.169.243.31</ipAddress>
                            <groupSet>
                                <item>
                                    <groupId>sg-e94055ac</groupId>
                                    <groupName>default</groupName>
                                </item>
                            </groupSet>
                            <stateReason>
                                <code>Client.UserInitiatedShutdown</code>
                                <message>Client.UserInitiatedShutdown: User initiated shutdown</message>
                            </stateReason>
                            <architecture>i386</architecture>
                            <rootDeviceType>ebs</rootDeviceType>
                            <rootDeviceName>/dev/sda1</rootDeviceName>
                            <blockDeviceMapping>
                                <item>
                                    <deviceName>/dev/sda1</deviceName>
                                    <ebs>
                                        <volumeId>vol-93f7b6bd</volumeId>
                                        <status>attached</status>
                                        <attachTime>2012-10-01T18:11:08.000Z</attachTime>
                                        <deleteOnTermination>true</deleteOnTermination>
                                    </ebs>
                                </item>
                            </blockDeviceMapping>
                            <virtualizationType>paravirtual</virtualizationType>
                            <clientToken>5bfd4308-0bf3-11e2-96b9-a4b197fffe9a</clientToken>
                            <hypervisor>xen</hypervisor>
                            <networkInterfaceSet/>
                            <ebsOptimized>false</ebsOptimized>
                        </item>
                    </instancesSet>
                </item>
                <item>
                    <reservationId>r-9fde5ac4</reservationId>
                    <ownerId>200278856672</ownerId>
                    <groupSet>
                        <item>
                            <groupId>sg-2b87746f</groupId>
                            <groupName>EmsRefreshSpec-SecurityGroup-OtherRegion</groupName>
                        </item>
                    </groupSet>
                    <instancesSet>
                        <item>
                            <instanceId>i-dc1ee486</instanceId>
                            <imageId>ami-183e175d</imageId>
                            <instanceState>
                                <code>16</code>
                                <name>running</name>
                            </instanceState>
                            <privateDnsName>ip-10-191-129-95.us-west-1.compute.internal</privateDnsName>
                            <dnsName>ec2-204-236-137-154.us-west-1.compute.amazonaws.com</dnsName>
                            <reason>Server.InternalError</reason>
                            <keyName>EmsRefreshSpec-KeyPair-OtherRegion</keyName>
                            <amiLaunchIndex>0</amiLaunchIndex>
                            <productCodes/>
                            <instanceType>t1.micro</instanceType>
                            <launchTime>2013-08-31T00:12:43.000Z</launchTime>
                            <placement>
                                <availabilityZone>us-west-1a</availabilityZone>
                                <groupName/>
                                <tenancy>default</tenancy>
                            </placement>
                            <kernelId>aki-36b79b73</kernelId>
                            <monitoring>
                                <state>disabled</state>
                            </monitoring>
                            <privateIpAddress>10.191.129.95</privateIpAddress>
                            <ipAddress>204.236.137.154</ipAddress>
                            <groupSet>
                                <item>
                                    <groupId>sg-2b87746f</groupId>
                                    <groupName>EmsRefreshSpec-SecurityGroup-OtherRegion</groupName>
                                </item>
                            </groupSet>
                            <stateReason>
                                <code>Client.UserInitiatedShutdown</code>
                                <message>Client.UserInitiatedShutdown: User initiated shutdown</message>
                            </stateReason>
                            <architecture>x86_64</architecture>
                            <rootDeviceType>ebs</rootDeviceType>
                            <rootDeviceName>/dev/sda1</rootDeviceName>
                            <blockDeviceMapping>
                                <item>
                                    <deviceName>/dev/sda1</deviceName>
                                    <ebs>
                                        <volumeId>vol-e2d90ab6</volumeId>
                                        <status>attached</status>
                                        <attachTime>2013-08-31T00:12:46.000Z</attachTime>
                                        <deleteOnTermination>true</deleteOnTermination>
                                    </ebs>
                                </item>
                            </blockDeviceMapping>
                            <virtualizationType>paravirtual</virtualizationType>
                            <clientToken>TYBNt1377907963036</clientToken>
                            <tagSet>
                                <item>
                                    <key>Name</key>
                                    <value>EmsRefreshSpec-PoweredOn-OtherRegion</value>
                                </item>
                            </tagSet>
                            <hypervisor>xen</hypervisor>
                            <networkInterfaceSet/>
                            <ebsOptimized>false</ebsOptimized>
                        </item>
                    </instancesSet>
                </item>
                <item>
                    <reservationId>r-05c2745096d06e08a</reservationId>
                    <ownerId>200278856672</ownerId>
                    <groupSet/>
                    <instancesSet>
                        <item>
                            <instanceId>i-0536cdd458e6648a1</instanceId>
                            <imageId>ami-2cade64c</imageId>
                            <instanceState>
                                <code>16</code>
                                <name>running</name>
                            </instanceState>
                            <privateDnsName>ip-172-30-2-38.us-west-1.compute.internal</privateDnsName>
                            <dnsName/>
                            <reason/>
                            <keyName>bronagh-west1</keyName>
                            <amiLaunchIndex>0</amiLaunchIndex>
                            <productCodes/>
                            <instanceType>t2.micro</instanceType>
                            <launchTime>2017-02-10T18:28:52.000Z</launchTime>
                            <placement>
                                <availabilityZone>us-west-1a</availabilityZone>
                                <groupName/>
                                <tenancy>default</tenancy>
                            </placement>
                            <monitoring>
                                <state>enabled</state>
                            </monitoring>
                            <subnetId>subnet-57167333</subnetId>
                            <vpcId>vpc-8a5a91ee</vpcId>
                            <privateIpAddress>172.30.2.38</privateIpAddress>
                            <ipAddress>54.215.233.17</ipAddress>
                            <sourceDestCheck>true</sourceDestCheck>
                            <groupSet>
                                <item>
                                    <groupId>sg-84be0fe3</groupId>
                                    <groupName>launch-wizard-1</groupName>
                                </item>
                            </groupSet>
                            <stateReason>
                                <code/>
                                <message/>
                            </stateReason>
                            <architecture>x86_64</architecture>
                            <rootDeviceType>ebs</rootDeviceType>
                            <rootDeviceName>/dev/sda1</rootDeviceName>
                            <blockDeviceMapping>
                                <item>
                                    <deviceName>/dev/sda1</deviceName>
                                    <ebs>
                                        <volumeId>vol-09b39716a001ccde5</volumeId>
                                        <status>attached</status>
                                        <attachTime>2017-02-09T18:05:42.000Z</attachTime>
                                        <deleteOnTermination>true</deleteOnTermination>
                                    </ebs>
                                </item>
                            </blockDeviceMapping>
                            <virtualizationType>hvm</virtualizationType>
                            <clientToken>VvBGm1486663541158</clientToken>
                            <tagSet>
                                <item>
                                    <key>anotheradmintag</key>
                                    <value>visible</value>
                                </item>
                                <item>
                                    <key>Name</key>
                                    <value>Bronagh-west1-california</value>
                                </item>
                                <item>
                                    <key>Owner</key>
                                    <value>Bronagh Sorota</value>
                                </item>
                                <item>
                                    <key>Admintag</key>
                                    <value>test</value>
                                </item>
                            </tagSet>
                            <hypervisor>xen</hypervisor>
                            <networkInterfaceSet>
                                <item>
                                    <networkInterfaceId>eni-ca94d9e0</networkInterfaceId>
                                    <subnetId>subnet-57167333</subnetId>
                                    <vpcId>vpc-8a5a91ee</vpcId>
                                    <description>Primary network interface</description>
                                    <ownerId>200278856672</ownerId>
                                    <status>in-use</status>
                                    <macAddress>02:ae:92:86:f5:e2</macAddress>
                                    <privateIpAddress>172.30.2.38</privateIpAddress>
                                    <sourceDestCheck>true</sourceDestCheck>
                                    <groupSet>
                                        <item>
                                            <groupId>sg-84be0fe3</groupId>
                                            <groupName>launch-wizard-1</groupName>
                                        </item>
                                    </groupSet>
                                    <attachment>
                                        <attachmentId>eni-attach-f192739f</attachmentId>
                                        <deviceIndex>0</deviceIndex>
                                        <status>attached</status>
                                        <attachTime>2017-02-09T18:05:41.000Z</attachTime>
                                        <deleteOnTermination>true</deleteOnTermination>
                                    </attachment>
                                    <association>
                                        <publicIp>54.215.233.17</publicIp>
                                        <publicDnsName/>
                                        <ipOwnerId>amazon</ipOwnerId>
                                    </association>
                                    <privateIpAddressesSet>
                                        <item>
                                            <privateIpAddress>172.30.2.38</privateIpAddress>
                                            <primary>true</primary>
                                            <association>
                                            <publicIp>54.215.233.17</publicIp>
                                            <publicDnsName/>
                                            <ipOwnerId>amazon</ipOwnerId>
                                            </association>
                                        </item>
                                    </privateIpAddressesSet>
                                    <ipv6AddressesSet/>
                                </item>
                            </networkInterfaceSet>
                            <ebsOptimized>false</ebsOptimized>
                        </item>
                    </instancesSet>
                </item>
            </reservationSet>
        </DescribeInstancesResponse>
    http_version: 
  recorded_at: Tue, 26 Sep 2017 08:14:44 GMT
- request:
    method: post
    uri: https://ec2.us-west-1.amazonaws.com/
    body:
      encoding: UTF-8
      string: Action=DescribeAddresses&Version=2016-11-15
    headers:
      Content-Type:
      - application/x-www-form-urlencoded; charset=utf-8
      Accept-Encoding:
      - ''
      User-Agent:
      - aws-sdk-ruby2/2.9.44 ruby/2.3.0 x86_64-linux resources
      X-Amz-Date:
      - 20170926T081444Z
      X-Amz-Content-Sha256:
      - 64c2b3b3e9d5b907d967a34cae3881d465039ab97edd1648478bb0195096a489
      Authorization:
      - AWS4-HMAC-SHA256 Credential=AMAZON_CLIENT_ID/20170926/us-west-1/ec2/aws4_request,
        SignedHeaders=content-type;host;x-amz-content-sha256;x-amz-date, Signature=ae3697439eeb4699a26b720fc26d005bcb93a95e86424fc0aee8e0422ce62597
      Content-Length:
      - '43'
      Accept:
      - "*/*"
  response:
    status:
      code: 200
      message: OK
    headers:
      Content-Type:
      - text/xml;charset=UTF-8
      Transfer-Encoding:
      - chunked
      Vary:
      - Accept-Encoding
      Date:
      - Tue, 26 Sep 2017 08:14:39 GMT
      Server:
      - AmazonEC2
    body:
      encoding: UTF-8
      string: |-
        <?xml version="1.0" encoding="UTF-8"?>
        <DescribeAddressesResponse xmlns="http://ec2.amazonaws.com/doc/2016-11-15/">
            <requestId>2b6c0250-b80a-4d0a-957e-690d69d74f38</requestId>
            <addressesSet>
                <item>
                    <publicIp>54.215.0.230</publicIp>
                    <domain>standard</domain>
                    <instanceId/>
                </item>
            </addressesSet>
        </DescribeAddressesResponse>
    http_version: 
  recorded_at: Tue, 26 Sep 2017 08:14:46 GMT
- request:
    method: post
    uri: https://ec2.us-west-1.amazonaws.com/
    body:
      encoding: UTF-8
      string: Action=DescribeVolumes&Version=2016-11-15
    headers:
      Content-Type:
      - application/x-www-form-urlencoded; charset=utf-8
      Accept-Encoding:
      - ''
      User-Agent:
      - aws-sdk-ruby2/2.9.44 ruby/2.3.0 x86_64-linux resources
      X-Amz-Date:
      - 20170926T081446Z
      X-Amz-Content-Sha256:
      - 925be3c8fc6870a890a6670574a88c988b51f13d9ea74f458ce9b6972534f164
      Authorization:
      - AWS4-HMAC-SHA256 Credential=AMAZON_CLIENT_ID/20170926/us-west-1/ec2/aws4_request,
        SignedHeaders=content-type;host;x-amz-content-sha256;x-amz-date, Signature=7e8cd526e1c774b75ccc376f0d9982426a9d881220284768eb894e5304e4d58a
      Content-Length:
      - '41'
      Accept:
      - "*/*"
  response:
    status:
      code: 200
      message: OK
    headers:
      Content-Type:
      - text/xml;charset=UTF-8
      Transfer-Encoding:
      - chunked
      Vary:
      - Accept-Encoding
      Date:
      - Tue, 26 Sep 2017 08:14:41 GMT
      Server:
      - AmazonEC2
    body:
      encoding: UTF-8
      string: |-
        <?xml version="1.0" encoding="UTF-8"?>
        <DescribeVolumesResponse xmlns="http://ec2.amazonaws.com/doc/2016-11-15/">
            <requestId>a6f90b0e-f680-4f85-b865-b904e4b0654c</requestId>
            <volumeSet>
                <item>
                    <volumeId>vol-e2d90ab6</volumeId>
                    <size>7</size>
                    <snapshotId>snap-02ef440a</snapshotId>
                    <availabilityZone>us-west-1a</availabilityZone>
                    <status>in-use</status>
                    <createTime>2013-08-31T00:12:46.000Z</createTime>
                    <attachmentSet>
                        <item>
                            <volumeId>vol-e2d90ab6</volumeId>
                            <instanceId>i-dc1ee486</instanceId>
                            <device>/dev/sda1</device>
                            <status>attached</status>
                            <attachTime>2013-08-31T00:12:46.000Z</attachTime>
                            <deleteOnTermination>true</deleteOnTermination>
                        </item>
                    </attachmentSet>
                    <volumeType>standard</volumeType>
                    <encrypted>false</encrypted>
                </item>
                <item>
                    <volumeId>vol-93f7b6bd</volumeId>
                    <size>8</size>
                    <snapshotId>snap-eb65da81</snapshotId>
                    <availabilityZone>us-west-1a</availabilityZone>
                    <status>in-use</status>
                    <createTime>2012-10-01T18:11:07.000Z</createTime>
                    <attachmentSet>
                        <item>
                            <volumeId>vol-93f7b6bd</volumeId>
                            <instanceId>i-fdd815a4</instanceId>
                            <device>/dev/sda1</device>
                            <status>attached</status>
                            <attachTime>2012-10-01T18:11:08.000Z</attachTime>
                            <deleteOnTermination>true</deleteOnTermination>
                        </item>
                    </attachmentSet>
                    <volumeType>standard</volumeType>
                    <encrypted>false</encrypted>
                </item>
                <item>
                    <volumeId>vol-09b39716a001ccde5</volumeId>
                    <size>10</size>
                    <snapshotId>snap-b90c983a</snapshotId>
                    <availabilityZone>us-west-1a</availabilityZone>
                    <status>in-use</status>
                    <createTime>2017-02-09T18:05:42.548Z</createTime>
                    <attachmentSet>
                        <item>
                            <volumeId>vol-09b39716a001ccde5</volumeId>
                            <instanceId>i-0536cdd458e6648a1</instanceId>
                            <device>/dev/sda1</device>
                            <status>attached</status>
                            <attachTime>2017-02-09T18:05:42.000Z</attachTime>
                            <deleteOnTermination>true</deleteOnTermination>
                        </item>
                    </attachmentSet>
                    <volumeType>gp2</volumeType>
                    <iops>100</iops>
                    <encrypted>false</encrypted>
                </item>
            </volumeSet>
        </DescribeVolumesResponse>
    http_version: 
  recorded_at: Tue, 26 Sep 2017 08:14:48 GMT
- request:
    method: post
    uri: https://ec2.us-west-1.amazonaws.com/
    body:
      encoding: UTF-8
      string: Action=DescribeSnapshots&Owner.1=self&Version=2016-11-15
    headers:
      Content-Type:
      - application/x-www-form-urlencoded; charset=utf-8
      Accept-Encoding:
      - ''
      User-Agent:
      - aws-sdk-ruby2/2.9.44 ruby/2.3.0 x86_64-linux resources
      X-Amz-Date:
      - 20170926T081448Z
      X-Amz-Content-Sha256:
      - 198438dba11e3ce3807802118c2500dc7ec3fcda2f43c86e579dfb6049e0f159
      Authorization:
      - AWS4-HMAC-SHA256 Credential=AMAZON_CLIENT_ID/20170926/us-west-1/ec2/aws4_request,
        SignedHeaders=content-type;host;x-amz-content-sha256;x-amz-date, Signature=d525d25b29f65a590802d036c004f45294c2ed890a5531d7d3294931ecbb2679
      Content-Length:
      - '56'
      Accept:
      - "*/*"
  response:
    status:
      code: 200
      message: OK
    headers:
      Content-Type:
      - text/xml;charset=UTF-8
      Transfer-Encoding:
      - chunked
      Vary:
      - Accept-Encoding
      Date:
      - Tue, 26 Sep 2017 08:14:43 GMT
      Server:
      - AmazonEC2
    body:
      encoding: UTF-8
      string: |-
        <?xml version="1.0" encoding="UTF-8"?>
        <DescribeSnapshotsResponse xmlns="http://ec2.amazonaws.com/doc/2016-11-15/">
            <requestId>eb53481d-caa8-44ee-afc4-517d63371197</requestId>
            <snapshotSet>
                <item>
                    <snapshotId>snap-02ef440a</snapshotId>
                    <volumeId>vol-18b7d138</volumeId>
                    <status>completed</status>
                    <startTime>2013-06-22T02:28:30.000Z</startTime>
                    <progress>100%</progress>
                    <ownerId>200278856672</ownerId>
                    <volumeSize>7</volumeSize>
                    <description>Created by CreateImage(i-d133c68a) for ami-183e175d from vol-18b7d138</description>
                    <encrypted>false</encrypted>
                </item>
            </snapshotSet>
        </DescribeSnapshotsResponse>
    http_version: 
  recorded_at: Tue, 26 Sep 2017 08:14:49 GMT
- request:
    method: post
    uri: https://ec2.us-west-1.amazonaws.com/
    body:
      encoding: UTF-8
      string: Action=DescribeInstances&Version=2016-11-15
    headers:
      Content-Type:
      - application/x-www-form-urlencoded; charset=utf-8
      Accept-Encoding:
      - ''
      User-Agent:
      - aws-sdk-ruby2/2.9.44 ruby/2.3.0 x86_64-linux resources
      X-Amz-Date:
      - 20170926T081449Z
      X-Amz-Content-Sha256:
      - 6171eb09865e32b0602af0f7957e26573a51f53caaedff02ff88883cb0275885
      Authorization:
      - AWS4-HMAC-SHA256 Credential=AMAZON_CLIENT_ID/20170926/us-west-1/ec2/aws4_request,
        SignedHeaders=content-type;host;x-amz-content-sha256;x-amz-date, Signature=bcffc185287f24c7c186cca08d315ffca716a35775eb84baf3bc4d14089c3c06
      Content-Length:
      - '43'
      Accept:
      - "*/*"
  response:
    status:
      code: 200
      message: OK
    headers:
      Content-Type:
      - text/xml;charset=UTF-8
      Transfer-Encoding:
      - chunked
      Vary:
      - Accept-Encoding
      Date:
      - Tue, 26 Sep 2017 08:14:44 GMT
      Server:
      - AmazonEC2
    body:
      encoding: UTF-8
      string: |-
        <?xml version="1.0" encoding="UTF-8"?>
        <DescribeInstancesResponse xmlns="http://ec2.amazonaws.com/doc/2016-11-15/">
            <requestId>5c26e7d0-2f14-443b-918b-a97b19bb6bbe</requestId>
            <reservationSet>
                <item>
                    <reservationId>r-18afd25e</reservationId>
                    <ownerId>200278856672</ownerId>
                    <groupSet>
                        <item>
                            <groupId>sg-e94055ac</groupId>
                            <groupName>default</groupName>
                        </item>
                    </groupSet>
                    <instancesSet>
                        <item>
                            <instanceId>i-fdd815a4</instanceId>
                            <imageId>ami-3bc9997e</imageId>
                            <instanceState>
                                <code>272</code>
                                <name>running</name>
                            </instanceState>
                            <privateDnsName>ip-10-160-177-126.us-west-1.compute.internal</privateDnsName>
                            <dnsName>ec2-184-169-243-31.us-west-1.compute.amazonaws.com</dnsName>
                            <reason/>
                            <amiLaunchIndex>0</amiLaunchIndex>
                            <productCodes/>
                            <instanceType>m1.small</instanceType>
                            <launchTime>2012-10-01T18:11:04.000Z</launchTime>
                            <placement>
                                <availabilityZone>us-west-1a</availabilityZone>
                                <groupName/>
                                <tenancy>default</tenancy>
                            </placement>
                            <kernelId>aki-99a0f1dc</kernelId>
                            <monitoring>
                                <state>disabled</state>
                            </monitoring>
                            <privateIpAddress>10.160.177.126</privateIpAddress>
                            <ipAddress>184.169.243.31</ipAddress>
                            <groupSet>
                                <item>
                                    <groupId>sg-e94055ac</groupId>
                                    <groupName>default</groupName>
                                </item>
                            </groupSet>
                            <stateReason>
                                <code>Client.UserInitiatedShutdown</code>
                                <message>Client.UserInitiatedShutdown: User initiated shutdown</message>
                            </stateReason>
                            <architecture>i386</architecture>
                            <rootDeviceType>ebs</rootDeviceType>
                            <rootDeviceName>/dev/sda1</rootDeviceName>
                            <blockDeviceMapping>
                                <item>
                                    <deviceName>/dev/sda1</deviceName>
                                    <ebs>
                                        <volumeId>vol-93f7b6bd</volumeId>
                                        <status>attached</status>
                                        <attachTime>2012-10-01T18:11:08.000Z</attachTime>
                                        <deleteOnTermination>true</deleteOnTermination>
                                    </ebs>
                                </item>
                            </blockDeviceMapping>
                            <virtualizationType>paravirtual</virtualizationType>
                            <clientToken>5bfd4308-0bf3-11e2-96b9-a4b197fffe9a</clientToken>
                            <hypervisor>xen</hypervisor>
                            <networkInterfaceSet/>
                            <ebsOptimized>false</ebsOptimized>
                        </item>
                    </instancesSet>
                </item>
                <item>
                    <reservationId>r-9fde5ac4</reservationId>
                    <ownerId>200278856672</ownerId>
                    <groupSet>
                        <item>
                            <groupId>sg-2b87746f</groupId>
                            <groupName>EmsRefreshSpec-SecurityGroup-OtherRegion</groupName>
                        </item>
                    </groupSet>
                    <instancesSet>
                        <item>
                            <instanceId>i-dc1ee486</instanceId>
                            <imageId>ami-183e175d</imageId>
                            <instanceState>
                                <code>16</code>
                                <name>running</name>
                            </instanceState>
                            <privateDnsName>ip-10-191-129-95.us-west-1.compute.internal</privateDnsName>
                            <dnsName>ec2-204-236-137-154.us-west-1.compute.amazonaws.com</dnsName>
                            <reason>Server.InternalError</reason>
                            <keyName>EmsRefreshSpec-KeyPair-OtherRegion</keyName>
                            <amiLaunchIndex>0</amiLaunchIndex>
                            <productCodes/>
                            <instanceType>t1.micro</instanceType>
                            <launchTime>2013-08-31T00:12:43.000Z</launchTime>
                            <placement>
                                <availabilityZone>us-west-1a</availabilityZone>
                                <groupName/>
                                <tenancy>default</tenancy>
                            </placement>
                            <kernelId>aki-36b79b73</kernelId>
                            <monitoring>
                                <state>disabled</state>
                            </monitoring>
                            <privateIpAddress>10.191.129.95</privateIpAddress>
                            <ipAddress>204.236.137.154</ipAddress>
                            <groupSet>
                                <item>
                                    <groupId>sg-2b87746f</groupId>
                                    <groupName>EmsRefreshSpec-SecurityGroup-OtherRegion</groupName>
                                </item>
                            </groupSet>
                            <stateReason>
                                <code>Client.UserInitiatedShutdown</code>
                                <message>Client.UserInitiatedShutdown: User initiated shutdown</message>
                            </stateReason>
                            <architecture>x86_64</architecture>
                            <rootDeviceType>ebs</rootDeviceType>
                            <rootDeviceName>/dev/sda1</rootDeviceName>
                            <blockDeviceMapping>
                                <item>
                                    <deviceName>/dev/sda1</deviceName>
                                    <ebs>
                                        <volumeId>vol-e2d90ab6</volumeId>
                                        <status>attached</status>
                                        <attachTime>2013-08-31T00:12:46.000Z</attachTime>
                                        <deleteOnTermination>true</deleteOnTermination>
                                    </ebs>
                                </item>
                            </blockDeviceMapping>
                            <virtualizationType>paravirtual</virtualizationType>
                            <clientToken>TYBNt1377907963036</clientToken>
                            <tagSet>
                                <item>
                                    <key>Name</key>
                                    <value>EmsRefreshSpec-PoweredOn-OtherRegion</value>
                                </item>
                            </tagSet>
                            <hypervisor>xen</hypervisor>
                            <networkInterfaceSet/>
                            <ebsOptimized>false</ebsOptimized>
                        </item>
                    </instancesSet>
                </item>
                <item>
                    <reservationId>r-05c2745096d06e08a</reservationId>
                    <ownerId>200278856672</ownerId>
                    <groupSet/>
                    <instancesSet>
                        <item>
                            <instanceId>i-0536cdd458e6648a1</instanceId>
                            <imageId>ami-2cade64c</imageId>
                            <instanceState>
                                <code>16</code>
                                <name>running</name>
                            </instanceState>
                            <privateDnsName>ip-172-30-2-38.us-west-1.compute.internal</privateDnsName>
                            <dnsName/>
                            <reason/>
                            <keyName>bronagh-west1</keyName>
                            <amiLaunchIndex>0</amiLaunchIndex>
                            <productCodes/>
                            <instanceType>t2.micro</instanceType>
                            <launchTime>2017-02-10T18:28:52.000Z</launchTime>
                            <placement>
                                <availabilityZone>us-west-1a</availabilityZone>
                                <groupName/>
                                <tenancy>default</tenancy>
                            </placement>
                            <monitoring>
                                <state>enabled</state>
                            </monitoring>
                            <subnetId>subnet-57167333</subnetId>
                            <vpcId>vpc-8a5a91ee</vpcId>
                            <privateIpAddress>172.30.2.38</privateIpAddress>
                            <ipAddress>54.215.233.17</ipAddress>
                            <sourceDestCheck>true</sourceDestCheck>
                            <groupSet>
                                <item>
                                    <groupId>sg-84be0fe3</groupId>
                                    <groupName>launch-wizard-1</groupName>
                                </item>
                            </groupSet>
                            <stateReason>
                                <code/>
                                <message/>
                            </stateReason>
                            <architecture>x86_64</architecture>
                            <rootDeviceType>ebs</rootDeviceType>
                            <rootDeviceName>/dev/sda1</rootDeviceName>
                            <blockDeviceMapping>
                                <item>
                                    <deviceName>/dev/sda1</deviceName>
                                    <ebs>
                                        <volumeId>vol-09b39716a001ccde5</volumeId>
                                        <status>attached</status>
                                        <attachTime>2017-02-09T18:05:42.000Z</attachTime>
                                        <deleteOnTermination>true</deleteOnTermination>
                                    </ebs>
                                </item>
                            </blockDeviceMapping>
                            <virtualizationType>hvm</virtualizationType>
                            <clientToken>VvBGm1486663541158</clientToken>
                            <tagSet>
                                <item>
                                    <key>anotheradmintag</key>
                                    <value>visible</value>
                                </item>
                                <item>
                                    <key>Name</key>
                                    <value>Bronagh-west1-california</value>
                                </item>
                                <item>
                                    <key>Owner</key>
                                    <value>Bronagh Sorota</value>
                                </item>
                                <item>
                                    <key>Admintag</key>
                                    <value>test</value>
                                </item>
                            </tagSet>
                            <hypervisor>xen</hypervisor>
                            <networkInterfaceSet>
                                <item>
                                    <networkInterfaceId>eni-ca94d9e0</networkInterfaceId>
                                    <subnetId>subnet-57167333</subnetId>
                                    <vpcId>vpc-8a5a91ee</vpcId>
                                    <description>Primary network interface</description>
                                    <ownerId>200278856672</ownerId>
                                    <status>in-use</status>
                                    <macAddress>02:ae:92:86:f5:e2</macAddress>
                                    <privateIpAddress>172.30.2.38</privateIpAddress>
                                    <sourceDestCheck>true</sourceDestCheck>
                                    <groupSet>
                                        <item>
                                            <groupId>sg-84be0fe3</groupId>
                                            <groupName>launch-wizard-1</groupName>
                                        </item>
                                    </groupSet>
                                    <attachment>
                                        <attachmentId>eni-attach-f192739f</attachmentId>
                                        <deviceIndex>0</deviceIndex>
                                        <status>attached</status>
                                        <attachTime>2017-02-09T18:05:41.000Z</attachTime>
                                        <deleteOnTermination>true</deleteOnTermination>
                                    </attachment>
                                    <association>
                                        <publicIp>54.215.233.17</publicIp>
                                        <publicDnsName/>
                                        <ipOwnerId>amazon</ipOwnerId>
                                    </association>
                                    <privateIpAddressesSet>
                                        <item>
                                            <privateIpAddress>172.30.2.38</privateIpAddress>
                                            <primary>true</primary>
                                            <association>
                                            <publicIp>54.215.233.17</publicIp>
                                            <publicDnsName/>
                                            <ipOwnerId>amazon</ipOwnerId>
                                            </association>
                                        </item>
                                    </privateIpAddressesSet>
                                    <ipv6AddressesSet/>
                                </item>
                            </networkInterfaceSet>
                            <ebsOptimized>false</ebsOptimized>
                        </item>
                    </instancesSet>
                </item>
            </reservationSet>
        </DescribeInstancesResponse>
    http_version: 
  recorded_at: Tue, 26 Sep 2017 08:14:50 GMT
- request:
    method: post
    uri: https://ec2.us-west-1.amazonaws.com/
    body:
      encoding: UTF-8
      string: Action=DescribeImages&Filter.1.Name=image-type&Filter.1.Value.1=machine&Owner.1=self&Version=2016-11-15
    headers:
      Content-Type:
      - application/x-www-form-urlencoded; charset=utf-8
      Accept-Encoding:
      - ''
      User-Agent:
      - aws-sdk-ruby2/2.9.44 ruby/2.3.0 x86_64-linux resources
      X-Amz-Date:
      - 20170926T081450Z
      X-Amz-Content-Sha256:
      - 353f42a6b4f35502116ce0f2e997ba13b57b156b7a2d476afc85d222902f4415
      Authorization:
      - AWS4-HMAC-SHA256 Credential=AMAZON_CLIENT_ID/20170926/us-west-1/ec2/aws4_request,
        SignedHeaders=content-type;host;x-amz-content-sha256;x-amz-date, Signature=3b9f989586830c44fac3c2ccb836527606d34f5c9784684c4853176579c311c7
      Content-Length:
      - '103'
      Accept:
      - "*/*"
  response:
    status:
      code: 200
      message: OK
    headers:
      Content-Type:
      - text/xml;charset=UTF-8
      Transfer-Encoding:
      - chunked
      Vary:
      - Accept-Encoding
      Date:
      - Tue, 26 Sep 2017 08:14:46 GMT
      Server:
      - AmazonEC2
    body:
      encoding: UTF-8
      string: |-
        <?xml version="1.0" encoding="UTF-8"?>
        <DescribeImagesResponse xmlns="http://ec2.amazonaws.com/doc/2016-11-15/">
            <requestId>9cf19f0f-256e-43ac-aafc-3b3d1221951b</requestId>
            <imagesSet>
                <item>
                    <imageId>ami-183e175d</imageId>
                    <imageLocation>200278856672/EmsRefreshSpec-Image-OtherRegion</imageLocation>
                    <imageState>available</imageState>
                    <imageOwnerId>200278856672</imageOwnerId>
                    <creationDate>2013-06-22T02:28:05.000Z</creationDate>
                    <isPublic>false</isPublic>
                    <architecture>x86_64</architecture>
                    <imageType>machine</imageType>
                    <kernelId>aki-36b79b73</kernelId>
                    <name>EmsRefreshSpec-Image-OtherRegion</name>
                    <description>EmsRefreshSpec-Image-OtherRegion</description>
                    <rootDeviceType>ebs</rootDeviceType>
                    <rootDeviceName>/dev/sda1</rootDeviceName>
                    <blockDeviceMapping>
                        <item>
                            <deviceName>/dev/sda1</deviceName>
                            <ebs>
                                <snapshotId>snap-02ef440a</snapshotId>
                                <volumeSize>7</volumeSize>
                                <deleteOnTermination>true</deleteOnTermination>
                                <volumeType>standard</volumeType>
                                <encrypted>false</encrypted>
                            </ebs>
                        </item>
                    </blockDeviceMapping>
                    <virtualizationType>paravirtual</virtualizationType>
                    <hypervisor>xen</hypervisor>
                </item>
            </imagesSet>
        </DescribeImagesResponse>
    http_version: 
  recorded_at: Tue, 26 Sep 2017 08:14:52 GMT
- request:
    method: post
    uri: https://ec2.us-west-1.amazonaws.com/
    body:
      encoding: UTF-8
      string: Action=DescribeImages&ExecutableBy.1=self&Filter.1.Name=image-type&Filter.1.Value.1=machine&Version=2016-11-15
    headers:
      Content-Type:
      - application/x-www-form-urlencoded; charset=utf-8
      Accept-Encoding:
      - ''
      User-Agent:
      - aws-sdk-ruby2/2.9.44 ruby/2.3.0 x86_64-linux resources
      X-Amz-Date:
      - 20170926T081452Z
      X-Amz-Content-Sha256:
      - 13559d63912d4017a9523f9e8bda64c2a6870c83adb807d3bccff29a4065cdfc
      Authorization:
      - AWS4-HMAC-SHA256 Credential=AMAZON_CLIENT_ID/20170926/us-west-1/ec2/aws4_request,
        SignedHeaders=content-type;host;x-amz-content-sha256;x-amz-date, Signature=c939c4dc808257b7176d1685c5ae06bdbdca7c76f5ad5538c5706c6782f53677
      Content-Length:
      - '110'
      Accept:
      - "*/*"
  response:
    status:
      code: 200
      message: OK
    headers:
      Content-Type:
      - text/xml;charset=UTF-8
      Transfer-Encoding:
      - chunked
      Vary:
      - Accept-Encoding
      Date:
      - Tue, 26 Sep 2017 08:14:47 GMT
      Server:
      - AmazonEC2
    body:
      encoding: UTF-8
      string: |-
        <?xml version="1.0" encoding="UTF-8"?>
        <DescribeImagesResponse xmlns="http://ec2.amazonaws.com/doc/2016-11-15/">
            <requestId>d30e8196-8046-42ef-9ead-2dbc8465a1a9</requestId>
            <imagesSet/>
        </DescribeImagesResponse>
    http_version: 
  recorded_at: Tue, 26 Sep 2017 08:14:54 GMT
- request:
    method: post
    uri: https://ec2.us-west-1.amazonaws.com/
    body:
      encoding: UTF-8
      string: Action=DescribeSecurityGroups&Version=2016-11-15
    headers:
      Content-Type:
      - application/x-www-form-urlencoded; charset=utf-8
      Accept-Encoding:
      - ''
      User-Agent:
      - aws-sdk-ruby2/2.9.44 ruby/2.3.0 x86_64-linux resources
      X-Amz-Date:
      - 20170926T081454Z
      X-Amz-Content-Sha256:
      - 398587829763af2624ad0faa257a51949217b85bb2957c3948946c38ab0fddac
      Authorization:
      - AWS4-HMAC-SHA256 Credential=AMAZON_CLIENT_ID/20170926/us-west-1/ec2/aws4_request,
        SignedHeaders=content-type;host;x-amz-content-sha256;x-amz-date, Signature=723ff44c76fa741791bf53b7f4e9b0dee46c155a8d69d113a8c740842dc7bcbe
      Content-Length:
      - '48'
      Accept:
      - "*/*"
  response:
    status:
      code: 200
      message: OK
    headers:
      Content-Type:
      - text/xml;charset=UTF-8
      Transfer-Encoding:
      - chunked
      Vary:
      - Accept-Encoding
      Date:
      - Tue, 26 Sep 2017 08:14:48 GMT
      Server:
      - AmazonEC2
    body:
      encoding: UTF-8
      string: |-
        <?xml version="1.0" encoding="UTF-8"?>
        <DescribeSecurityGroupsResponse xmlns="http://ec2.amazonaws.com/doc/2016-11-15/">
            <requestId>5134af4c-556e-478e-9653-71cce2ee791a</requestId>
            <securityGroupInfo>
                <item>
                    <ownerId>200278856672</ownerId>
                    <groupId>sg-e94055ac</groupId>
                    <groupName>default</groupName>
                    <groupDescription>default group</groupDescription>
                    <ipPermissions>
                        <item>
                            <ipProtocol>tcp</ipProtocol>
                            <fromPort>0</fromPort>
                            <toPort>65535</toPort>
                            <groups>
                                <item>
                                    <userId>200278856672</userId>
                                    <groupId>sg-e94055ac</groupId>
                                    <groupName>default</groupName>
                                </item>
                            </groups>
                            <ipRanges/>
                            <ipv6Ranges/>
                            <prefixListIds/>
                        </item>
                        <item>
                            <ipProtocol>udp</ipProtocol>
                            <fromPort>0</fromPort>
                            <toPort>65535</toPort>
                            <groups>
                                <item>
                                    <userId>200278856672</userId>
                                    <groupId>sg-e94055ac</groupId>
                                    <groupName>default</groupName>
                                </item>
                            </groups>
                            <ipRanges/>
                            <ipv6Ranges/>
                            <prefixListIds/>
                        </item>
                        <item>
                            <ipProtocol>icmp</ipProtocol>
                            <fromPort>-1</fromPort>
                            <toPort>-1</toPort>
                            <groups>
                                <item>
                                    <userId>200278856672</userId>
                                    <groupId>sg-e94055ac</groupId>
                                    <groupName>default</groupName>
                                </item>
                            </groups>
                            <ipRanges/>
                            <ipv6Ranges/>
                            <prefixListIds/>
                        </item>
                    </ipPermissions>
                    <ipPermissionsEgress/>
                </item>
                <item>
                    <ownerId>200278856672</ownerId>
                    <groupId>sg-2b87746f</groupId>
                    <groupName>EmsRefreshSpec-SecurityGroup-OtherRegion</groupName>
                    <groupDescription>EmsRefreshSpec-SecurityGroup-OtherRegion</groupDescription>
                    <ipPermissions>
                        <item>
                            <ipProtocol>tcp</ipProtocol>
                            <fromPort>0</fromPort>
                            <toPort>65535</toPort>
                            <groups/>
                            <ipRanges>
                                <item>
                                    <cidrIp>0.0.0.0/0</cidrIp>
                                </item>
                            </ipRanges>
                            <ipv6Ranges/>
                            <prefixListIds/>
                        </item>
                    </ipPermissions>
                    <ipPermissionsEgress/>
                </item>
                <item>
                    <ownerId>200278856672</ownerId>
                    <groupId>sg-84be0fe3</groupId>
                    <groupName>launch-wizard-1</groupName>
                    <groupDescription>launch-wizard-1 created 2017-02-09T13:04:54.419-05:00</groupDescription>
                    <vpcId>vpc-8a5a91ee</vpcId>
                    <ipPermissions>
                        <item>
                            <ipProtocol>tcp</ipProtocol>
                            <fromPort>22</fromPort>
                            <toPort>22</toPort>
                            <groups/>
                            <ipRanges>
                                <item>
                                    <cidrIp>0.0.0.0/0</cidrIp>
                                </item>
                            </ipRanges>
                            <ipv6Ranges/>
                            <prefixListIds/>
                        </item>
                    </ipPermissions>
                    <ipPermissionsEgress>
                        <item>
                            <ipProtocol>-1</ipProtocol>
                            <groups/>
                            <ipRanges>
                                <item>
                                    <cidrIp>0.0.0.0/0</cidrIp>
                                </item>
                            </ipRanges>
                            <ipv6Ranges/>
                            <prefixListIds/>
                        </item>
                    </ipPermissionsEgress>
                </item>
                <item>
                    <ownerId>200278856672</ownerId>
                    <groupId>sg-c2be0fa5</groupId>
                    <groupName>default</groupName>
                    <groupDescription>default VPC security group</groupDescription>
                    <vpcId>vpc-8a5a91ee</vpcId>
                    <ipPermissions>
                        <item>
                            <ipProtocol>-1</ipProtocol>
                            <groups>
                                <item>
                                    <userId>200278856672</userId>
                                    <groupId>sg-c2be0fa5</groupId>
                                </item>
                            </groups>
                            <ipRanges/>
                            <ipv6Ranges/>
                            <prefixListIds/>
                        </item>
                    </ipPermissions>
                    <ipPermissionsEgress>
                        <item>
                            <ipProtocol>-1</ipProtocol>
                            <groups/>
                            <ipRanges>
                                <item>
                                    <cidrIp>0.0.0.0/0</cidrIp>
                                </item>
                            </ipRanges>
                            <ipv6Ranges/>
                            <prefixListIds/>
                        </item>
                    </ipPermissionsEgress>
                </item>
            </securityGroupInfo>
        </DescribeSecurityGroupsResponse>
    http_version: 
  recorded_at: Tue, 26 Sep 2017 08:14:55 GMT
- request:
    method: post
    uri: https://elasticloadbalancing.us-west-1.amazonaws.com/
    body:
      encoding: UTF-8
      string: Action=DescribeLoadBalancers&Version=2012-06-01
    headers:
      Content-Type:
      - application/x-www-form-urlencoded; charset=utf-8
      Accept-Encoding:
      - ''
      User-Agent:
      - aws-sdk-ruby2/2.9.44 ruby/2.3.0 x86_64-linux resources
      X-Amz-Date:
      - 20170926T081455Z
      X-Amz-Content-Sha256:
      - 236069f72bf74f0c7ddff0a34b0defa8a21d1d6a897e588764e1b2ff6319f94a
      Authorization:
      - AWS4-HMAC-SHA256 Credential=AMAZON_CLIENT_ID/20170926/us-west-1/elasticloadbalancing/aws4_request,
        SignedHeaders=content-type;host;x-amz-content-sha256;x-amz-date, Signature=7f84a4c2a1180220a73d5b335e3e0b2be58c1808b37443bfa07cebde5f881e20
      Content-Length:
      - '47'
      Accept:
      - "*/*"
  response:
    status:
      code: 200
      message: OK
    headers:
      X-Amzn-Requestid:
      - c4a4a9e5-a292-11e7-89d0-cb67767e7676
      Content-Type:
      - text/xml
      Content-Length:
      - '335'
      Date:
      - Tue, 26 Sep 2017 08:14:49 GMT
    body:
      encoding: UTF-8
      string: |
        <DescribeLoadBalancersResponse xmlns="http://elasticloadbalancing.amazonaws.com/doc/2012-06-01/">
          <DescribeLoadBalancersResult>
            <LoadBalancerDescriptions/>
          </DescribeLoadBalancersResult>
          <ResponseMetadata>
            <RequestId>c4a4a9e5-a292-11e7-89d0-cb67767e7676</RequestId>
          </ResponseMetadata>
        </DescribeLoadBalancersResponse>
    http_version: 
  recorded_at: Tue, 26 Sep 2017 08:14:56 GMT
- request:
    method: post
    uri: https://ec2.us-west-1.amazonaws.com/
    body:
      encoding: UTF-8
      string: Action=DescribeNetworkInterfaces&Version=2016-11-15
    headers:
      Content-Type:
      - application/x-www-form-urlencoded; charset=utf-8
      Accept-Encoding:
      - ''
      User-Agent:
      - aws-sdk-ruby2/2.9.44 ruby/2.3.0 x86_64-linux resources
      X-Amz-Date:
      - 20170926T081456Z
      X-Amz-Content-Sha256:
      - 19ba5dc918b1e927d0c1a179e1bed2a393fa8987b6fbc66e756823d414115566
      Authorization:
      - AWS4-HMAC-SHA256 Credential=AMAZON_CLIENT_ID/20170926/us-west-1/ec2/aws4_request,
        SignedHeaders=content-type;host;x-amz-content-sha256;x-amz-date, Signature=b6f702efb7bf4e43f99a2cd21a75835cabbf0d735a1d9ad29303aad02acebc98
      Content-Length:
      - '51'
      Accept:
      - "*/*"
  response:
    status:
      code: 200
      message: OK
    headers:
      Content-Type:
      - text/xml;charset=UTF-8
      Transfer-Encoding:
      - chunked
      Vary:
      - Accept-Encoding
      Date:
      - Tue, 26 Sep 2017 08:14:50 GMT
      Server:
      - AmazonEC2
    body:
      encoding: UTF-8
      string: |-
        <?xml version="1.0" encoding="UTF-8"?>
        <DescribeNetworkInterfacesResponse xmlns="http://ec2.amazonaws.com/doc/2016-11-15/">
            <requestId>42ae5161-346a-425f-9c54-b2e7535f19f2</requestId>
            <networkInterfaceSet>
                <item>
                    <networkInterfaceId>eni-ca94d9e0</networkInterfaceId>
                    <subnetId>subnet-57167333</subnetId>
                    <vpcId>vpc-8a5a91ee</vpcId>
                    <availabilityZone>us-west-1a</availabilityZone>
                    <description>Primary network interface</description>
                    <ownerId>200278856672</ownerId>
                    <requesterManaged>false</requesterManaged>
                    <status>in-use</status>
                    <macAddress>02:ae:92:86:f5:e2</macAddress>
                    <privateIpAddress>172.30.2.38</privateIpAddress>
                    <sourceDestCheck>true</sourceDestCheck>
                    <groupSet>
                        <item>
                            <groupId>sg-84be0fe3</groupId>
                            <groupName>launch-wizard-1</groupName>
                        </item>
                    </groupSet>
                    <attachment>
                        <attachmentId>eni-attach-f192739f</attachmentId>
                        <instanceId>i-0536cdd458e6648a1</instanceId>
                        <instanceOwnerId>200278856672</instanceOwnerId>
                        <deviceIndex>0</deviceIndex>
                        <status>attached</status>
                        <attachTime>2017-02-09T18:05:41.000Z</attachTime>
                        <deleteOnTermination>true</deleteOnTermination>
                    </attachment>
                    <association>
                        <publicIp>54.215.233.17</publicIp>
                        <publicDnsName/>
                        <ipOwnerId>amazon</ipOwnerId>
                        <natEnabled>true</natEnabled>
                    </association>
                    <tagSet/>
                    <privateIpAddressesSet>
                        <item>
                            <privateIpAddress>172.30.2.38</privateIpAddress>
                            <primary>true</primary>
                            <association>
                                <publicIp>54.215.233.17</publicIp>
                                <publicDnsName/>
                                <ipOwnerId>amazon</ipOwnerId>
                                <natEnabled>true</natEnabled>
                            </association>
                        </item>
                    </privateIpAddressesSet>
                    <ipv6AddressesSet/>
                    <interfaceType>interface</interfaceType>
                </item>
            </networkInterfaceSet>
        </DescribeNetworkInterfacesResponse>
    http_version: 
  recorded_at: Tue, 26 Sep 2017 08:14:57 GMT
- request:
    method: post
    uri: https://ec2.us-west-1.amazonaws.com/
    body:
      encoding: UTF-8
      string: Action=DescribeRouteTables&Version=2016-11-15
    headers:
      Content-Type:
      - application/x-www-form-urlencoded; charset=utf-8
      Accept-Encoding:
      - ''
      User-Agent:
      - aws-sdk-ruby2/2.9.44 ruby/2.3.0 x86_64-linux resources
      X-Amz-Date:
      - 20170926T081457Z
      X-Amz-Content-Sha256:
      - 1732d4b128d27cd99c04206dcfdf973ded4df03fd0ba4691763d13febf64384d
      Authorization:
      - AWS4-HMAC-SHA256 Credential=AMAZON_CLIENT_ID/20170926/us-west-1/ec2/aws4_request,
        SignedHeaders=content-type;host;x-amz-content-sha256;x-amz-date, Signature=2b4fe4e49f3a17dad3de5e937f87d0cb5483c1a29efcf535b01cf23916976f16
      Content-Length:
      - '45'
      Accept:
      - "*/*"
  response:
    status:
      code: 200
      message: OK
    headers:
      Content-Type:
      - text/xml;charset=UTF-8
      Transfer-Encoding:
      - chunked
      Vary:
      - Accept-Encoding
      Date:
      - Tue, 26 Sep 2017 08:14:52 GMT
      Server:
      - AmazonEC2
    body:
      encoding: UTF-8
      string: |-
        <?xml version="1.0" encoding="UTF-8"?>
        <DescribeRouteTablesResponse xmlns="http://ec2.amazonaws.com/doc/2016-11-15/">
            <requestId>d5062800-d6b8-4670-9209-4d28c75bb10b</requestId>
            <routeTableSet>
                <item>
                    <routeTableId>rtb-5a46fc3e</routeTableId>
                    <vpcId>vpc-8a5a91ee</vpcId>
                    <routeSet>
                        <item>
                            <destinationCidrBlock>172.30.0.0/16</destinationCidrBlock>
                            <gatewayId>local</gatewayId>
                            <state>active</state>
                            <origin>CreateRouteTable</origin>
                        </item>
                        <item>
                            <destinationCidrBlock>0.0.0.0/0</destinationCidrBlock>
                            <gatewayId>igw-e94a148c</gatewayId>
                            <state>active</state>
                            <origin>CreateRoute</origin>
                        </item>
                    </routeSet>
                    <associationSet>
                        <item>
                            <routeTableAssociationId>rtbassoc-e07c5284</routeTableAssociationId>
                            <routeTableId>rtb-5a46fc3e</routeTableId>
                            <main>true</main>
                        </item>
                    </associationSet>
                    <propagatingVgwSet/>
                    <tagSet/>
                </item>
            </routeTableSet>
        </DescribeRouteTablesResponse>
    http_version: 
  recorded_at: Tue, 26 Sep 2017 08:14:58 GMT
- request:
    method: post
    uri: https://ec2.us-west-1.amazonaws.com/
    body:
      encoding: UTF-8
      string: Action=DescribeAddresses&Version=2016-11-15
    headers:
      Content-Type:
      - application/x-www-form-urlencoded; charset=utf-8
      Accept-Encoding:
      - ''
      User-Agent:
      - aws-sdk-ruby2/2.9.44 ruby/2.3.0 x86_64-linux resources
      X-Amz-Date:
      - 20170926T081458Z
      X-Amz-Content-Sha256:
      - 64c2b3b3e9d5b907d967a34cae3881d465039ab97edd1648478bb0195096a489
      Authorization:
      - AWS4-HMAC-SHA256 Credential=AMAZON_CLIENT_ID/20170926/us-west-1/ec2/aws4_request,
        SignedHeaders=content-type;host;x-amz-content-sha256;x-amz-date, Signature=10cee7b451d69d73aac82c6b073114f67f86e482ac6435afedf42376fdc7b705
      Content-Length:
      - '43'
      Accept:
      - "*/*"
  response:
    status:
      code: 200
      message: OK
    headers:
      Content-Type:
      - text/xml;charset=UTF-8
      Transfer-Encoding:
      - chunked
      Vary:
      - Accept-Encoding
      Date:
      - Tue, 26 Sep 2017 08:14:54 GMT
      Server:
      - AmazonEC2
    body:
      encoding: UTF-8
      string: |-
        <?xml version="1.0" encoding="UTF-8"?>
        <DescribeAddressesResponse xmlns="http://ec2.amazonaws.com/doc/2016-11-15/">
            <requestId>2c332545-72ab-451f-ac50-bbec3c8e4751</requestId>
            <addressesSet>
                <item>
                    <publicIp>54.215.0.230</publicIp>
                    <domain>standard</domain>
                    <instanceId/>
                </item>
            </addressesSet>
        </DescribeAddressesResponse>
    http_version: 
  recorded_at: Tue, 26 Sep 2017 08:14:59 GMT
- request:
    method: post
    uri: https://cloudformation.us-west-1.amazonaws.com/
    body:
      encoding: UTF-8
      string: Action=DescribeStacks&Version=2010-05-15
    headers:
      Content-Type:
      - application/x-www-form-urlencoded; charset=utf-8
      Accept-Encoding:
      - ''
      User-Agent:
      - aws-sdk-ruby2/2.9.44 ruby/2.3.0 x86_64-linux resources
      X-Amz-Date:
      - 20170926T081459Z
      X-Amz-Content-Sha256:
      - 1c0d327d16f37b15838ca07a3964664f2dcff8d7051d9f1d87552e7df79be01f
      Authorization:
      - AWS4-HMAC-SHA256 Credential=AMAZON_CLIENT_ID/20170926/us-west-1/cloudformation/aws4_request,
        SignedHeaders=content-type;host;x-amz-content-sha256;x-amz-date, Signature=e5cc61e46bf3d73de044c9219c104ed752d339d4ab23d1901464901e45e8f88b
      Content-Length:
      - '40'
      Accept:
      - "*/*"
  response:
    status:
      code: 200
      message: OK
    headers:
      X-Amzn-Requestid:
      - c7552438-a292-11e7-937b-fd885385fc6f
      Content-Type:
      - text/xml
      Content-Length:
      - '283'
      Date:
      - Tue, 26 Sep 2017 08:14:54 GMT
    body:
      encoding: UTF-8
      string: |
        <DescribeStacksResponse xmlns="http://cloudformation.amazonaws.com/doc/2010-05-15/">
          <DescribeStacksResult>
            <Stacks/>
          </DescribeStacksResult>
          <ResponseMetadata>
            <RequestId>c7552438-a292-11e7-937b-fd885385fc6f</RequestId>
          </ResponseMetadata>
        </DescribeStacksResponse>
    http_version: 
  recorded_at: Tue, 26 Sep 2017 08:15:00 GMT
- request:
    method: post
    uri: https://cloudformation.us-west-1.amazonaws.com/
    body:
      encoding: UTF-8
      string: Action=DescribeStacks&Version=2010-05-15
    headers:
      Content-Type:
      - application/x-www-form-urlencoded; charset=utf-8
      Accept-Encoding:
      - ''
      User-Agent:
      - aws-sdk-ruby2/2.9.44 ruby/2.3.0 x86_64-linux resources
      X-Amz-Date:
      - 20170926T081500Z
      X-Amz-Content-Sha256:
      - 1c0d327d16f37b15838ca07a3964664f2dcff8d7051d9f1d87552e7df79be01f
      Authorization:
      - AWS4-HMAC-SHA256 Credential=AMAZON_CLIENT_ID/20170926/us-west-1/cloudformation/aws4_request,
        SignedHeaders=content-type;host;x-amz-content-sha256;x-amz-date, Signature=048fba74d597373a1db8a386ebfc6427d20a0d8e89ed06a7b7c39f4ea4b78a62
      Content-Length:
      - '40'
      Accept:
      - "*/*"
  response:
    status:
      code: 200
      message: OK
    headers:
      X-Amzn-Requestid:
      - c7de50a7-a292-11e7-a945-03f0dad443d9
      Content-Type:
      - text/xml
      Content-Length:
      - '283'
      Date:
      - Tue, 26 Sep 2017 08:14:56 GMT
    body:
      encoding: UTF-8
      string: |
        <DescribeStacksResponse xmlns="http://cloudformation.amazonaws.com/doc/2010-05-15/">
          <DescribeStacksResult>
            <Stacks/>
          </DescribeStacksResult>
          <ResponseMetadata>
            <RequestId>c7de50a7-a292-11e7-a945-03f0dad443d9</RequestId>
          </ResponseMetadata>
        </DescribeStacksResponse>
    http_version: 
  recorded_at: Tue, 26 Sep 2017 08:15:01 GMT
- request:
    method: post
    uri: https://ec2.us-west-1.amazonaws.com/
    body:
      encoding: UTF-8
      string: Action=DescribeKeyPairs&Version=2016-11-15
    headers:
      Content-Type:
      - application/x-www-form-urlencoded; charset=utf-8
      Accept-Encoding:
      - ''
      User-Agent:
      - aws-sdk-ruby2/2.9.44 ruby/2.3.0 x86_64-linux resources
      X-Amz-Date:
      - 20170926T081501Z
      X-Amz-Content-Sha256:
      - e7326d4766918579e6d040a9c8d2243cefc0ab1aaa37cd7a9dab76d8c3538b59
      Authorization:
      - AWS4-HMAC-SHA256 Credential=AMAZON_CLIENT_ID/20170926/us-west-1/ec2/aws4_request,
        SignedHeaders=content-type;host;x-amz-content-sha256;x-amz-date, Signature=ad7ca9fde92ffa17a264f0fd489adc76460f79db9fc0a3f7c6209834b74fa881
      Content-Length:
      - '42'
      Accept:
      - "*/*"
  response:
    status:
      code: 200
      message: OK
    headers:
      Content-Type:
      - text/xml;charset=UTF-8
      Transfer-Encoding:
      - chunked
      Vary:
      - Accept-Encoding
      Date:
      - Tue, 26 Sep 2017 08:14:57 GMT
      Server:
      - AmazonEC2
    body:
      encoding: UTF-8
      string: |-
        <?xml version="1.0" encoding="UTF-8"?>
        <DescribeKeyPairsResponse xmlns="http://ec2.amazonaws.com/doc/2016-11-15/">
            <requestId>c7c3b0cc-73ee-4323-8306-8bde2ccd40a6</requestId>
            <keySet>
                <item>
                    <keyName>bronagh-west1</keyName>
                    <keyFingerprint>29:a0:34:e9:01:b1:28:d0:01:ae:e0:73:ca:dd:ea:2f:14:c4:e1:d6</keyFingerprint>
                </item>
                <item>
                    <keyName>EmsRefreshSpec-KeyPair-OtherRegion</keyName>
                    <keyFingerprint>fc:53:30:aa:d2:23:c7:8d:e2:e8:05:95:a0:d2:90:fb:15:30:a2:51</keyFingerprint>
                </item>
                <item>
                    <keyName>jf-west-1</keyName>
                    <keyFingerprint>5f:a8:de:1b:56:ba:3c:12:78:13:79:d6:d0:1d:b9:12:7d:b9:6d:91</keyFingerprint>
                </item>
            </keySet>
        </DescribeKeyPairsResponse>
    http_version: 
  recorded_at: Tue, 26 Sep 2017 08:15:03 GMT
- request:
    method: post
    uri: https://ec2.us-west-1.amazonaws.com/
    body:
      encoding: UTF-8
      string: Action=DescribeAvailabilityZones&Version=2016-11-15
    headers:
      Content-Type:
      - application/x-www-form-urlencoded; charset=utf-8
      Accept-Encoding:
      - ''
      User-Agent:
      - aws-sdk-ruby2/2.9.44 ruby/2.3.0 x86_64-linux resources
      X-Amz-Date:
      - 20170926T081503Z
      X-Amz-Content-Sha256:
      - 2bd59c58bf8c2bcc1c39ea3a5a38bb7cd5a643758cbd1b78a746d3a3aa5c1580
      Authorization:
      - AWS4-HMAC-SHA256 Credential=AMAZON_CLIENT_ID/20170926/us-west-1/ec2/aws4_request,
        SignedHeaders=content-type;host;x-amz-content-sha256;x-amz-date, Signature=7d7778a69512bf76ee48a689408a71c5bc1a01d40ab0a67a77002b5d93bd0174
      Content-Length:
      - '51'
      Accept:
      - "*/*"
  response:
    status:
      code: 200
      message: OK
    headers:
      Content-Type:
      - text/xml;charset=UTF-8
      Transfer-Encoding:
      - chunked
      Vary:
      - Accept-Encoding
      Date:
      - Tue, 26 Sep 2017 08:14:59 GMT
      Server:
      - AmazonEC2
    body:
      encoding: UTF-8
      string: |-
        <?xml version="1.0" encoding="UTF-8"?>
        <DescribeAvailabilityZonesResponse xmlns="http://ec2.amazonaws.com/doc/2016-11-15/">
            <requestId>caab0ccf-8b4f-4275-87a7-b2d549184810</requestId>
            <availabilityZoneInfo>
                <item>
                    <zoneName>us-west-1a</zoneName>
                    <zoneState>available</zoneState>
                    <regionName>us-west-1</regionName>
                    <messageSet/>
                </item>
                <item>
                    <zoneName>us-west-1b</zoneName>
                    <zoneState>available</zoneState>
                    <regionName>us-west-1</regionName>
                    <messageSet/>
                </item>
                <item>
                    <zoneName>us-west-1c</zoneName>
                    <zoneState>available</zoneState>
                    <regionName>us-west-1</regionName>
                    <messageSet/>
                </item>
            </availabilityZoneInfo>
        </DescribeAvailabilityZonesResponse>
    http_version: 
  recorded_at: Tue, 26 Sep 2017 08:15:05 GMT
- request:
    method: post
    uri: https://ec2.us-west-1.amazonaws.com/
    body:
      encoding: UTF-8
      string: Action=DescribeVpcs&Version=2016-11-15
    headers:
      Content-Type:
      - application/x-www-form-urlencoded; charset=utf-8
      Accept-Encoding:
      - ''
      User-Agent:
      - aws-sdk-ruby2/2.9.44 ruby/2.3.0 x86_64-linux resources
      X-Amz-Date:
      - 20170926T081505Z
      X-Amz-Content-Sha256:
      - d821ac2c2958664a08eb0f0b183ebf80201e8a50da5d9e98eca9bc36ef648656
      Authorization:
      - AWS4-HMAC-SHA256 Credential=AMAZON_CLIENT_ID/20170926/us-west-1/ec2/aws4_request,
        SignedHeaders=content-type;host;x-amz-content-sha256;x-amz-date, Signature=dae4a0e48f03e84bdbe62c08ca02d82f02a97dfcb96df61538cfa25158c2246a
      Content-Length:
      - '38'
      Accept:
      - "*/*"
  response:
    status:
      code: 200
      message: OK
    headers:
      Content-Type:
      - text/xml;charset=UTF-8
      Transfer-Encoding:
      - chunked
      Vary:
      - Accept-Encoding
      Date:
      - Tue, 26 Sep 2017 08:15:00 GMT
      Server:
      - AmazonEC2
    body:
      encoding: UTF-8
      string: |-
        <?xml version="1.0" encoding="UTF-8"?>
        <DescribeVpcsResponse xmlns="http://ec2.amazonaws.com/doc/2016-11-15/">
            <requestId>82199f90-1175-446e-aba3-cdfff97d923c</requestId>
            <vpcSet>
                <item>
                    <vpcId>vpc-8a5a91ee</vpcId>
                    <state>available</state>
                    <cidrBlock>172.30.0.0/16</cidrBlock>
                    <cidrBlockAssociationSet>
                        <item>
                            <cidrBlock>172.30.0.0/16</cidrBlock>
                            <associationId>vpc-cidr-assoc-67f82f0e</associationId>
                            <cidrBlockState>
                                <state>associated</state>
                            </cidrBlockState>
                        </item>
                    </cidrBlockAssociationSet>
                    <dhcpOptionsId>dopt-d0617fb5</dhcpOptionsId>
                    <instanceTenancy>default</instanceTenancy>
                    <isDefault>false</isDefault>
                </item>
            </vpcSet>
        </DescribeVpcsResponse>
    http_version: 
  recorded_at: Tue, 26 Sep 2017 08:15:06 GMT
- request:
    method: post
    uri: https://ec2.us-west-1.amazonaws.com/
    body:
      encoding: UTF-8
      string: Action=DescribeSubnets&Version=2016-11-15
    headers:
      Content-Type:
      - application/x-www-form-urlencoded; charset=utf-8
      Accept-Encoding:
      - ''
      User-Agent:
      - aws-sdk-ruby2/2.9.44 ruby/2.3.0 x86_64-linux resources
      X-Amz-Date:
      - 20170926T081506Z
      X-Amz-Content-Sha256:
      - 4458b81adb7ad686766b11e1bb41ad4b186e7cfb44c26a0b7ade703866d0fca0
      Authorization:
      - AWS4-HMAC-SHA256 Credential=AMAZON_CLIENT_ID/20170926/us-west-1/ec2/aws4_request,
        SignedHeaders=content-type;host;x-amz-content-sha256;x-amz-date, Signature=6eda669a7956bf5a61599eb696e47dede9aac476c748cb976012fe4eabfc99a6
      Content-Length:
      - '41'
      Accept:
      - "*/*"
  response:
    status:
      code: 200
      message: OK
    headers:
      Content-Type:
      - text/xml;charset=UTF-8
      Transfer-Encoding:
      - chunked
      Vary:
      - Accept-Encoding
      Date:
      - Tue, 26 Sep 2017 08:15:01 GMT
      Server:
      - AmazonEC2
    body:
      encoding: UTF-8
      string: |-
        <?xml version="1.0" encoding="UTF-8"?>
        <DescribeSubnetsResponse xmlns="http://ec2.amazonaws.com/doc/2016-11-15/">
            <requestId>32f3f0da-f849-42c1-9069-0d9157220cd0</requestId>
            <subnetSet>
                <item>
                    <subnetId>subnet-ea63c9b2</subnetId>
                    <state>available</state>
                    <vpcId>vpc-8a5a91ee</vpcId>
                    <cidrBlock>172.30.0.0/24</cidrBlock>
                    <ipv6CidrBlockAssociationSet/>
                    <availableIpAddressCount>251</availableIpAddressCount>
                    <availabilityZone>us-west-1c</availabilityZone>
                    <defaultForAz>false</defaultForAz>
                    <mapPublicIpOnLaunch>true</mapPublicIpOnLaunch>
                    <assignIpv6AddressOnCreation>false</assignIpv6AddressOnCreation>
                </item>
                <item>
                    <subnetId>subnet-57167333</subnetId>
                    <state>available</state>
                    <vpcId>vpc-8a5a91ee</vpcId>
                    <cidrBlock>172.30.2.0/24</cidrBlock>
                    <ipv6CidrBlockAssociationSet/>
                    <availableIpAddressCount>250</availableIpAddressCount>
                    <availabilityZone>us-west-1a</availabilityZone>
                    <defaultForAz>false</defaultForAz>
                    <mapPublicIpOnLaunch>true</mapPublicIpOnLaunch>
                    <assignIpv6AddressOnCreation>false</assignIpv6AddressOnCreation>
                </item>
            </subnetSet>
        </DescribeSubnetsResponse>
    http_version: 
  recorded_at: Tue, 26 Sep 2017 08:15:07 GMT
- request:
    method: post
    uri: https://ec2.us-west-1.amazonaws.com/
    body:
      encoding: UTF-8
      string: Action=DescribeVolumes&Version=2016-11-15
    headers:
      Content-Type:
      - application/x-www-form-urlencoded; charset=utf-8
      Accept-Encoding:
      - ''
      User-Agent:
      - aws-sdk-ruby2/2.9.44 ruby/2.3.0 x86_64-linux resources
      X-Amz-Date:
      - 20170926T081507Z
      X-Amz-Content-Sha256:
      - 925be3c8fc6870a890a6670574a88c988b51f13d9ea74f458ce9b6972534f164
      Authorization:
      - AWS4-HMAC-SHA256 Credential=AMAZON_CLIENT_ID/20170926/us-west-1/ec2/aws4_request,
        SignedHeaders=content-type;host;x-amz-content-sha256;x-amz-date, Signature=90f66f3b97197c431ee56446ed3d537f027dc05d68d3ab2c2efb5e87acc00567
      Content-Length:
      - '41'
      Accept:
      - "*/*"
  response:
    status:
      code: 200
      message: OK
    headers:
      Content-Type:
      - text/xml;charset=UTF-8
      Transfer-Encoding:
      - chunked
      Vary:
      - Accept-Encoding
      Date:
      - Tue, 26 Sep 2017 08:15:02 GMT
      Server:
      - AmazonEC2
    body:
      encoding: UTF-8
      string: |-
        <?xml version="1.0" encoding="UTF-8"?>
        <DescribeVolumesResponse xmlns="http://ec2.amazonaws.com/doc/2016-11-15/">
            <requestId>46e94e12-2548-4ac3-abd0-7d054392f0af</requestId>
            <volumeSet>
                <item>
                    <volumeId>vol-e2d90ab6</volumeId>
                    <size>7</size>
                    <snapshotId>snap-02ef440a</snapshotId>
                    <availabilityZone>us-west-1a</availabilityZone>
                    <status>in-use</status>
                    <createTime>2013-08-31T00:12:46.000Z</createTime>
                    <attachmentSet>
                        <item>
                            <volumeId>vol-e2d90ab6</volumeId>
                            <instanceId>i-dc1ee486</instanceId>
                            <device>/dev/sda1</device>
                            <status>attached</status>
                            <attachTime>2013-08-31T00:12:46.000Z</attachTime>
                            <deleteOnTermination>true</deleteOnTermination>
                        </item>
                    </attachmentSet>
                    <volumeType>standard</volumeType>
                    <encrypted>false</encrypted>
                </item>
                <item>
                    <volumeId>vol-93f7b6bd</volumeId>
                    <size>8</size>
                    <snapshotId>snap-eb65da81</snapshotId>
                    <availabilityZone>us-west-1a</availabilityZone>
                    <status>in-use</status>
                    <createTime>2012-10-01T18:11:07.000Z</createTime>
                    <attachmentSet>
                        <item>
                            <volumeId>vol-93f7b6bd</volumeId>
                            <instanceId>i-fdd815a4</instanceId>
                            <device>/dev/sda1</device>
                            <status>attached</status>
                            <attachTime>2012-10-01T18:11:08.000Z</attachTime>
                            <deleteOnTermination>true</deleteOnTermination>
                        </item>
                    </attachmentSet>
                    <volumeType>standard</volumeType>
                    <encrypted>false</encrypted>
                </item>
                <item>
                    <volumeId>vol-09b39716a001ccde5</volumeId>
                    <size>10</size>
                    <snapshotId>snap-b90c983a</snapshotId>
                    <availabilityZone>us-west-1a</availabilityZone>
                    <status>in-use</status>
                    <createTime>2017-02-09T18:05:42.548Z</createTime>
                    <attachmentSet>
                        <item>
                            <volumeId>vol-09b39716a001ccde5</volumeId>
                            <instanceId>i-0536cdd458e6648a1</instanceId>
                            <device>/dev/sda1</device>
                            <status>attached</status>
                            <attachTime>2017-02-09T18:05:42.000Z</attachTime>
                            <deleteOnTermination>true</deleteOnTermination>
                        </item>
                    </attachmentSet>
                    <volumeType>gp2</volumeType>
                    <iops>100</iops>
                    <encrypted>false</encrypted>
                </item>
            </volumeSet>
        </DescribeVolumesResponse>
    http_version: 
  recorded_at: Tue, 26 Sep 2017 08:15:08 GMT
- request:
    method: post
    uri: https://ec2.us-west-1.amazonaws.com/
    body:
      encoding: UTF-8
      string: Action=DescribeSnapshots&Owner.1=self&Version=2016-11-15
    headers:
      Content-Type:
      - application/x-www-form-urlencoded; charset=utf-8
      Accept-Encoding:
      - ''
      User-Agent:
      - aws-sdk-ruby2/2.9.44 ruby/2.3.0 x86_64-linux resources
      X-Amz-Date:
      - 20170926T081508Z
      X-Amz-Content-Sha256:
      - 198438dba11e3ce3807802118c2500dc7ec3fcda2f43c86e579dfb6049e0f159
      Authorization:
      - AWS4-HMAC-SHA256 Credential=AMAZON_CLIENT_ID/20170926/us-west-1/ec2/aws4_request,
        SignedHeaders=content-type;host;x-amz-content-sha256;x-amz-date, Signature=a1bb4cbd0ccf3ee3f915d7a62ab8ae723bf15aff1b498cd68cdc5ed97143cc1b
      Content-Length:
      - '56'
      Accept:
      - "*/*"
  response:
    status:
      code: 200
      message: OK
    headers:
      Content-Type:
      - text/xml;charset=UTF-8
      Transfer-Encoding:
      - chunked
      Vary:
      - Accept-Encoding
      Date:
      - Tue, 26 Sep 2017 08:15:04 GMT
      Server:
      - AmazonEC2
    body:
      encoding: UTF-8
      string: |-
        <?xml version="1.0" encoding="UTF-8"?>
        <DescribeSnapshotsResponse xmlns="http://ec2.amazonaws.com/doc/2016-11-15/">
            <requestId>1bbb9bcc-bad5-4ea4-a3c0-c2997628103b</requestId>
            <snapshotSet>
                <item>
                    <snapshotId>snap-02ef440a</snapshotId>
                    <volumeId>vol-18b7d138</volumeId>
                    <status>completed</status>
                    <startTime>2013-06-22T02:28:30.000Z</startTime>
                    <progress>100%</progress>
                    <ownerId>200278856672</ownerId>
                    <volumeSize>7</volumeSize>
                    <description>Created by CreateImage(i-d133c68a) for ami-183e175d from vol-18b7d138</description>
                    <encrypted>false</encrypted>
                </item>
            </snapshotSet>
        </DescribeSnapshotsResponse>
    http_version: 
  recorded_at: Tue, 26 Sep 2017 08:15:10 GMT
recorded_with: VCR 3.0.3
